2024-11-02 16:31:47,043 ERROR scheduler Skipped queueing frappe.automation.doctype.auto_repeat.auto_repeat.make_auto_repeat_entry because it was found in queue for mysite.localhost
2024-11-02 16:31:47,084 ERROR scheduler Skipped queueing frappe.integrations.doctype.google_contacts.google_contacts.sync because it was found in queue for mysite.localhost
2024-11-02 16:31:47,094 ERROR scheduler Skipped queueing frappe.social.doctype.energy_point_settings.energy_point_settings.allocate_review_points because it was found in queue for mysite.localhost
2024-11-02 16:31:47,106 ERROR scheduler Skipped queueing frappe.desk.form.document_follow.send_daily_updates because it was found in queue for mysite.localhost
2024-11-02 16:31:47,117 ERROR scheduler Skipped queueing frappe.website.doctype.personal_data_deletion_request.personal_data_deletion_request.remove_unverified_record because it was found in queue for mysite.localhost
2024-11-02 16:31:47,128 ERROR scheduler Skipped queueing frappe.email.doctype.notification.notification.trigger_daily_alerts because it was found in queue for mysite.localhost
2024-11-02 16:31:47,140 ERROR scheduler Skipped queueing frappe.sessions.clear_expired_sessions because it was found in queue for mysite.localhost
2024-11-02 16:31:47,151 ERROR scheduler Skipped queueing frappe.desk.doctype.event.event.send_event_digest because it was found in queue for mysite.localhost
2024-11-02 16:31:47,160 ERROR scheduler Skipped queueing frappe.desk.notifications.clear_notifications because it was found in queue for mysite.localhost
2024-11-02 16:31:47,169 ERROR scheduler Skipped queueing frappe.website.doctype.personal_data_deletion_request.personal_data_deletion_request.process_data_deletion_request because it was found in queue for mysite.localhost
2024-11-02 16:31:47,180 ERROR scheduler Skipped queueing frappe.email.doctype.newsletter.newsletter.send_scheduled_email because it was found in queue for mysite.localhost
2024-11-02 16:31:47,189 ERROR scheduler Skipped queueing frappe.integrations.doctype.google_calendar.google_calendar.sync because it was found in queue for mysite.localhost
2024-11-02 16:31:47,200 ERROR scheduler Skipped queueing frappe.desk.form.document_follow.send_hourly_updates because it was found in queue for mysite.localhost
2024-11-02 16:31:47,212 ERROR scheduler Skipped queueing frappe.desk.page.backups.backups.delete_downloadable_backups because it was found in queue for mysite.localhost
2024-11-02 16:31:47,222 ERROR scheduler Skipped queueing frappe.model.utils.user_settings.sync_user_settings because it was found in queue for mysite.localhost
2024-11-02 16:31:47,232 ERROR scheduler Skipped queueing frappe.model.utils.link_count.update_link_count because it was found in queue for mysite.localhost
2024-11-02 16:31:47,242 ERROR scheduler Skipped queueing frappe.automation.doctype.reminder.reminder.send_reminders because it was found in queue for mysite.localhost
2024-11-02 16:31:47,253 ERROR scheduler Skipped queueing frappe.monitor.flush because it was found in queue for mysite.localhost
2024-11-02 16:31:47,262 ERROR scheduler Skipped queueing frappe.email.queue.flush because it was found in queue for mysite.localhost
2024-11-02 16:31:47,274 ERROR scheduler Skipped queueing frappe.core.doctype.log_settings.log_settings.run_log_clean_up because it was found in queue for mysite.localhost
2024-11-02 16:31:47,285 ERROR scheduler Skipped queueing frappe.core.doctype.prepared_report.prepared_report.expire_stalled_report because it was found in queue for mysite.localhost
2024-11-02 16:31:47,298 ERROR scheduler Skipped queueing frappe.email.doctype.email_account.email_account.pull because it was found in queue for mysite.localhost
2024-11-02 16:31:47,313 ERROR scheduler Skipped queueing frappe.deferred_insert.save_to_db because it was found in queue for mysite.localhost
2024-11-02 16:31:47,329 ERROR scheduler Skipped queueing frappe.utils.global_search.sync_global_search because it was found in queue for mysite.localhost
2024-11-02 16:31:47,346 ERROR scheduler Skipped queueing frappe.email.doctype.email_account.email_account.notify_unreplied because it was found in queue for mysite.localhost
2024-11-02 16:31:47,361 ERROR scheduler Skipped queueing frappe.twofactor.delete_all_barcodes_for_users because it was found in queue for mysite.localhost
2024-11-02 16:31:47,376 ERROR scheduler Skipped queueing frappe.website.doctype.web_page.web_page.check_publish_status because it was found in queue for mysite.localhost
2024-11-02 16:31:47,389 ERROR scheduler Skipped queueing frappe.oauth.delete_oauth2_data because it was found in queue for mysite.localhost
2024-11-02 16:32:47,547 ERROR scheduler Skipped queueing hrms.hr.doctype.shift_assignment_schedule.shift_assignment_schedule.process_auto_shift_creation because it was found in queue for mysite.localhost
2024-11-02 16:32:47,554 ERROR scheduler Skipped queueing hrms.hr.doctype.shift_type.shift_type.process_auto_attendance_for_all_shifts because it was found in queue for mysite.localhost
2024-11-02 16:32:47,565 ERROR scheduler Skipped queueing hrms.hr.utils.allocate_earned_leaves because it was found in queue for mysite.localhost
2024-11-02 16:32:47,573 ERROR scheduler Skipped queueing hrms.hr.utils.generate_leave_encashment because it was found in queue for mysite.localhost
2024-11-02 16:32:47,582 ERROR scheduler Skipped queueing hrms.hr.doctype.leave_ledger_entry.leave_ledger_entry.process_expired_allocation because it was found in queue for mysite.localhost
2024-11-02 16:32:47,617 ERROR scheduler Skipped queueing hrms.hr.doctype.interview.interview.send_interview_reminder because it was found in queue for mysite.localhost
2024-11-02 16:32:47,630 ERROR scheduler Skipped queueing erpnext.utilities.bulk_transaction.retry because it was found in queue for mysite.localhost
2024-11-02 16:32:47,639 ERROR scheduler Skipped queueing erpnext.stock.doctype.repost_item_valuation.repost_item_valuation.repost_entries because it was found in queue for mysite.localhost
2024-11-02 16:32:47,656 ERROR scheduler Skipped queueing erpnext.assets.doctype.asset.depreciation.post_depreciation_entries because it was found in queue for mysite.localhost
2024-11-02 16:32:47,666 ERROR scheduler Skipped queueing erpnext.crm.utils.open_leads_opportunities_based_on_todays_event because it was found in queue for mysite.localhost
2024-11-02 16:32:47,674 ERROR scheduler Skipped queueing erpnext.manufacturing.doctype.bom_update_tool.bom_update_tool.auto_update_latest_price_in_all_boms because it was found in queue for mysite.localhost
2024-11-02 16:32:47,684 ERROR scheduler Skipped queueing erpnext.setup.doctype.email_digest.email_digest.send because it was found in queue for mysite.localhost
2024-11-02 16:32:47,694 ERROR scheduler Skipped queueing erpnext.accounts.doctype.process_subscription.process_subscription.create_subscription_process because it was found in queue for mysite.localhost
2024-11-02 16:32:47,886 ERROR scheduler Skipped queueing frappe.desk.doctype.changelog_feed.changelog_feed.fetch_changelog_feed because it was found in queue for mysite.localhost
2024-11-02 16:32:47,895 ERROR scheduler Skipped queueing frappe.integrations.doctype.google_drive.google_drive.weekly_backup because it was found in queue for mysite.localhost
2024-11-02 16:32:47,907 ERROR scheduler Skipped queueing frappe.social.doctype.energy_point_log.energy_point_log.send_weekly_summary because it was found in queue for mysite.localhost
2024-11-02 16:32:47,924 ERROR scheduler Skipped queueing frappe.utils.change_log.check_for_update because it was found in queue for mysite.localhost
2024-11-02 16:32:47,933 ERROR scheduler Skipped queueing frappe.desk.form.document_follow.send_weekly_updates because it was found in queue for mysite.localhost
2024-11-02 16:32:47,942 ERROR scheduler Skipped queueing frappe.integrations.doctype.s3_backup_settings.s3_backup_settings.take_backups_weekly because it was found in queue for mysite.localhost
2024-11-02 16:32:47,952 ERROR scheduler Skipped queueing frappe.integrations.doctype.dropbox_settings.dropbox_settings.take_backups_weekly because it was found in queue for mysite.localhost
2024-11-02 16:32:47,962 ERROR scheduler Skipped queueing frappe.integrations.doctype.google_drive.google_drive.daily_backup because it was found in queue for mysite.localhost
2024-11-02 16:32:47,974 ERROR scheduler Skipped queueing frappe.email.doctype.auto_email_report.auto_email_report.send_daily because it was found in queue for mysite.localhost
2024-11-02 16:32:47,985 ERROR scheduler Skipped queueing frappe.integrations.doctype.s3_backup_settings.s3_backup_settings.take_backups_daily because it was found in queue for mysite.localhost
2024-11-02 16:32:47,994 ERROR scheduler Skipped queueing frappe.integrations.doctype.dropbox_settings.dropbox_settings.take_backups_daily because it was found in queue for mysite.localhost
2024-11-02 16:32:48,021 ERROR scheduler Skipped queueing frappe.desk.form.document_follow.send_daily_updates because it was found in queue for mysite.localhost
2024-11-02 16:32:48,030 ERROR scheduler Skipped queueing frappe.website.doctype.personal_data_deletion_request.personal_data_deletion_request.remove_unverified_record because it was found in queue for mysite.localhost
2024-11-02 16:32:48,041 ERROR scheduler Skipped queueing frappe.email.doctype.notification.notification.trigger_daily_alerts because it was found in queue for mysite.localhost
2024-11-02 16:32:48,052 ERROR scheduler Skipped queueing frappe.sessions.clear_expired_sessions because it was found in queue for mysite.localhost
2024-11-02 16:32:48,063 ERROR scheduler Skipped queueing frappe.desk.doctype.event.event.send_event_digest because it was found in queue for mysite.localhost
2024-11-02 16:32:48,074 ERROR scheduler Skipped queueing frappe.desk.notifications.clear_notifications because it was found in queue for mysite.localhost
2024-11-02 16:32:48,087 ERROR scheduler Skipped queueing frappe.website.doctype.personal_data_deletion_request.personal_data_deletion_request.process_data_deletion_request because it was found in queue for mysite.localhost
2024-11-02 16:32:48,099 ERROR scheduler Skipped queueing frappe.email.doctype.newsletter.newsletter.send_scheduled_email because it was found in queue for mysite.localhost
2024-11-02 16:32:48,114 ERROR scheduler Skipped queueing frappe.integrations.doctype.google_calendar.google_calendar.sync because it was found in queue for mysite.localhost
2024-11-02 16:32:48,124 ERROR scheduler Skipped queueing frappe.desk.form.document_follow.send_hourly_updates because it was found in queue for mysite.localhost
2024-11-02 16:32:48,134 ERROR scheduler Skipped queueing frappe.desk.page.backups.backups.delete_downloadable_backups because it was found in queue for mysite.localhost
2024-11-02 16:32:48,145 ERROR scheduler Skipped queueing frappe.model.utils.user_settings.sync_user_settings because it was found in queue for mysite.localhost
2024-11-02 16:32:48,154 ERROR scheduler Skipped queueing frappe.model.utils.link_count.update_link_count because it was found in queue for mysite.localhost
2024-11-02 16:32:48,164 ERROR scheduler Skipped queueing frappe.automation.doctype.reminder.reminder.send_reminders because it was found in queue for mysite.localhost
2024-11-02 16:32:48,175 ERROR scheduler Skipped queueing frappe.monitor.flush because it was found in queue for mysite.localhost
2024-11-02 16:32:48,186 ERROR scheduler Skipped queueing frappe.email.queue.flush because it was found in queue for mysite.localhost
2024-11-02 16:32:48,196 ERROR scheduler Skipped queueing frappe.core.doctype.log_settings.log_settings.run_log_clean_up because it was found in queue for mysite.localhost
2024-11-02 16:32:48,206 ERROR scheduler Skipped queueing frappe.core.doctype.prepared_report.prepared_report.expire_stalled_report because it was found in queue for mysite.localhost
2024-11-02 16:32:48,215 ERROR scheduler Skipped queueing frappe.email.doctype.email_account.email_account.pull because it was found in queue for mysite.localhost
2024-11-02 16:32:48,223 ERROR scheduler Skipped queueing frappe.deferred_insert.save_to_db because it was found in queue for mysite.localhost
2024-11-02 16:32:48,233 ERROR scheduler Skipped queueing frappe.utils.global_search.sync_global_search because it was found in queue for mysite.localhost
2024-11-02 16:32:48,241 ERROR scheduler Skipped queueing frappe.email.doctype.email_account.email_account.notify_unreplied because it was found in queue for mysite.localhost
2024-11-02 16:32:48,249 ERROR scheduler Skipped queueing frappe.twofactor.delete_all_barcodes_for_users because it was found in queue for mysite.localhost
2024-11-02 16:32:48,257 ERROR scheduler Skipped queueing frappe.website.doctype.web_page.web_page.check_publish_status because it was found in queue for mysite.localhost
2024-11-02 16:32:48,266 ERROR scheduler Skipped queueing frappe.oauth.delete_oauth2_data because it was found in queue for mysite.localhost
2024-11-02 16:33:48,430 ERROR scheduler Skipped queueing hrms.hr.doctype.shift_assignment_schedule.shift_assignment_schedule.process_auto_shift_creation because it was found in queue for mysite.localhost
2024-11-02 16:33:48,439 ERROR scheduler Skipped queueing hrms.hr.doctype.shift_type.shift_type.process_auto_attendance_for_all_shifts because it was found in queue for mysite.localhost
2024-11-02 16:33:48,452 ERROR scheduler Skipped queueing hrms.hr.utils.allocate_earned_leaves because it was found in queue for mysite.localhost
2024-11-02 16:33:48,461 ERROR scheduler Skipped queueing hrms.hr.utils.generate_leave_encashment because it was found in queue for mysite.localhost
2024-11-02 16:33:48,471 ERROR scheduler Skipped queueing hrms.hr.doctype.leave_ledger_entry.leave_ledger_entry.process_expired_allocation because it was found in queue for mysite.localhost
2024-11-02 16:33:48,511 ERROR scheduler Skipped queueing hrms.hr.doctype.interview.interview.send_interview_reminder because it was found in queue for mysite.localhost
2024-11-02 16:33:48,524 ERROR scheduler Skipped queueing erpnext.utilities.bulk_transaction.retry because it was found in queue for mysite.localhost
2024-11-02 16:33:48,534 ERROR scheduler Skipped queueing erpnext.stock.doctype.repost_item_valuation.repost_item_valuation.repost_entries because it was found in queue for mysite.localhost
2024-11-02 16:33:48,555 ERROR scheduler Skipped queueing erpnext.assets.doctype.asset.depreciation.post_depreciation_entries because it was found in queue for mysite.localhost
2024-11-02 16:33:48,569 ERROR scheduler Skipped queueing erpnext.crm.utils.open_leads_opportunities_based_on_todays_event because it was found in queue for mysite.localhost
2024-11-02 16:33:48,581 ERROR scheduler Skipped queueing erpnext.manufacturing.doctype.bom_update_tool.bom_update_tool.auto_update_latest_price_in_all_boms because it was found in queue for mysite.localhost
2024-11-02 16:33:48,592 ERROR scheduler Skipped queueing erpnext.setup.doctype.email_digest.email_digest.send because it was found in queue for mysite.localhost
2024-11-02 16:33:48,604 ERROR scheduler Skipped queueing erpnext.accounts.doctype.process_subscription.process_subscription.create_subscription_process because it was found in queue for mysite.localhost
2024-11-02 16:33:48,829 ERROR scheduler Skipped queueing frappe.desk.doctype.changelog_feed.changelog_feed.fetch_changelog_feed because it was found in queue for mysite.localhost
2024-11-02 16:33:48,839 ERROR scheduler Skipped queueing frappe.integrations.doctype.google_drive.google_drive.weekly_backup because it was found in queue for mysite.localhost
2024-11-02 16:33:48,850 ERROR scheduler Skipped queueing frappe.social.doctype.energy_point_log.energy_point_log.send_weekly_summary because it was found in queue for mysite.localhost
2024-11-02 16:33:48,860 ERROR scheduler Skipped queueing frappe.utils.change_log.check_for_update because it was found in queue for mysite.localhost
2024-11-02 16:33:48,873 ERROR scheduler Skipped queueing frappe.desk.form.document_follow.send_weekly_updates because it was found in queue for mysite.localhost
2024-11-02 16:33:48,885 ERROR scheduler Skipped queueing frappe.integrations.doctype.s3_backup_settings.s3_backup_settings.take_backups_weekly because it was found in queue for mysite.localhost
2024-11-02 16:33:48,894 ERROR scheduler Skipped queueing frappe.integrations.doctype.dropbox_settings.dropbox_settings.take_backups_weekly because it was found in queue for mysite.localhost
2024-11-02 16:33:48,905 ERROR scheduler Skipped queueing frappe.integrations.doctype.google_drive.google_drive.daily_backup because it was found in queue for mysite.localhost
2024-11-02 16:33:48,916 ERROR scheduler Skipped queueing frappe.email.doctype.auto_email_report.auto_email_report.send_daily because it was found in queue for mysite.localhost
2024-11-02 16:33:48,928 ERROR scheduler Skipped queueing frappe.integrations.doctype.s3_backup_settings.s3_backup_settings.take_backups_daily because it was found in queue for mysite.localhost
2024-11-02 16:33:48,937 ERROR scheduler Skipped queueing frappe.integrations.doctype.dropbox_settings.dropbox_settings.take_backups_daily because it was found in queue for mysite.localhost
2024-11-02 16:33:49,008 ERROR scheduler Skipped queueing frappe.email.doctype.newsletter.newsletter.send_scheduled_email because it was found in queue for mysite.localhost
2024-11-02 16:33:49,016 ERROR scheduler Skipped queueing frappe.integrations.doctype.google_calendar.google_calendar.sync because it was found in queue for mysite.localhost
2024-11-02 16:33:49,026 ERROR scheduler Skipped queueing frappe.desk.form.document_follow.send_hourly_updates because it was found in queue for mysite.localhost
2024-11-02 16:33:49,036 ERROR scheduler Skipped queueing frappe.desk.page.backups.backups.delete_downloadable_backups because it was found in queue for mysite.localhost
2024-11-02 16:33:49,045 ERROR scheduler Skipped queueing frappe.model.utils.user_settings.sync_user_settings because it was found in queue for mysite.localhost
2024-11-02 16:33:49,054 ERROR scheduler Skipped queueing frappe.model.utils.link_count.update_link_count because it was found in queue for mysite.localhost
2024-11-02 16:33:49,066 ERROR scheduler Skipped queueing frappe.automation.doctype.reminder.reminder.send_reminders because it was found in queue for mysite.localhost
2024-11-02 16:33:49,080 ERROR scheduler Skipped queueing frappe.monitor.flush because it was found in queue for mysite.localhost
2024-11-02 16:33:49,090 ERROR scheduler Skipped queueing frappe.email.queue.flush because it was found in queue for mysite.localhost
2024-11-02 16:33:49,101 ERROR scheduler Skipped queueing frappe.core.doctype.log_settings.log_settings.run_log_clean_up because it was found in queue for mysite.localhost
2024-11-02 16:33:49,111 ERROR scheduler Skipped queueing frappe.core.doctype.prepared_report.prepared_report.expire_stalled_report because it was found in queue for mysite.localhost
2024-11-02 16:33:49,121 ERROR scheduler Skipped queueing frappe.email.doctype.email_account.email_account.pull because it was found in queue for mysite.localhost
2024-11-02 16:33:49,130 ERROR scheduler Skipped queueing frappe.deferred_insert.save_to_db because it was found in queue for mysite.localhost
2024-11-02 16:33:49,142 ERROR scheduler Skipped queueing frappe.utils.global_search.sync_global_search because it was found in queue for mysite.localhost
2024-11-02 16:33:49,152 ERROR scheduler Skipped queueing frappe.email.doctype.email_account.email_account.notify_unreplied because it was found in queue for mysite.localhost
2024-11-02 16:33:49,161 ERROR scheduler Skipped queueing frappe.twofactor.delete_all_barcodes_for_users because it was found in queue for mysite.localhost
2024-11-02 16:33:49,171 ERROR scheduler Skipped queueing frappe.website.doctype.web_page.web_page.check_publish_status because it was found in queue for mysite.localhost
2024-11-02 16:33:49,181 ERROR scheduler Skipped queueing frappe.oauth.delete_oauth2_data because it was found in queue for mysite.localhost
2024-11-02 16:34:49,340 ERROR scheduler Skipped queueing hrms.hr.doctype.shift_assignment_schedule.shift_assignment_schedule.process_auto_shift_creation because it was found in queue for mysite.localhost
2024-11-02 16:34:49,349 ERROR scheduler Skipped queueing hrms.hr.doctype.shift_type.shift_type.process_auto_attendance_for_all_shifts because it was found in queue for mysite.localhost
2024-11-02 16:34:49,360 ERROR scheduler Skipped queueing hrms.hr.utils.allocate_earned_leaves because it was found in queue for mysite.localhost
2024-11-02 16:34:49,368 ERROR scheduler Skipped queueing hrms.hr.utils.generate_leave_encashment because it was found in queue for mysite.localhost
2024-11-02 16:34:49,375 ERROR scheduler Skipped queueing hrms.hr.doctype.leave_ledger_entry.leave_ledger_entry.process_expired_allocation because it was found in queue for mysite.localhost
2024-11-02 16:34:49,405 ERROR scheduler Skipped queueing hrms.hr.doctype.interview.interview.send_interview_reminder because it was found in queue for mysite.localhost
2024-11-02 16:34:49,415 ERROR scheduler Skipped queueing erpnext.utilities.bulk_transaction.retry because it was found in queue for mysite.localhost
2024-11-02 16:34:49,423 ERROR scheduler Skipped queueing erpnext.stock.doctype.repost_item_valuation.repost_item_valuation.repost_entries because it was found in queue for mysite.localhost
2024-11-02 16:34:49,439 ERROR scheduler Skipped queueing erpnext.assets.doctype.asset.depreciation.post_depreciation_entries because it was found in queue for mysite.localhost
2024-11-02 16:34:49,446 ERROR scheduler Skipped queueing erpnext.crm.utils.open_leads_opportunities_based_on_todays_event because it was found in queue for mysite.localhost
2024-11-02 16:34:49,453 ERROR scheduler Skipped queueing erpnext.manufacturing.doctype.bom_update_tool.bom_update_tool.auto_update_latest_price_in_all_boms because it was found in queue for mysite.localhost
2024-11-02 16:34:49,461 ERROR scheduler Skipped queueing erpnext.setup.doctype.email_digest.email_digest.send because it was found in queue for mysite.localhost
2024-11-02 16:34:49,469 ERROR scheduler Skipped queueing erpnext.accounts.doctype.process_subscription.process_subscription.create_subscription_process because it was found in queue for mysite.localhost
2024-11-02 16:34:49,628 ERROR scheduler Skipped queueing frappe.desk.doctype.changelog_feed.changelog_feed.fetch_changelog_feed because it was found in queue for mysite.localhost
2024-11-02 16:34:49,635 ERROR scheduler Skipped queueing frappe.integrations.doctype.google_drive.google_drive.weekly_backup because it was found in queue for mysite.localhost
2024-11-02 16:34:49,643 ERROR scheduler Skipped queueing frappe.social.doctype.energy_point_log.energy_point_log.send_weekly_summary because it was found in queue for mysite.localhost
2024-11-02 16:34:49,650 ERROR scheduler Skipped queueing frappe.utils.change_log.check_for_update because it was found in queue for mysite.localhost
2024-11-02 16:34:49,657 ERROR scheduler Skipped queueing frappe.desk.form.document_follow.send_weekly_updates because it was found in queue for mysite.localhost
2024-11-02 16:34:49,666 ERROR scheduler Skipped queueing frappe.integrations.doctype.s3_backup_settings.s3_backup_settings.take_backups_weekly because it was found in queue for mysite.localhost
2024-11-02 16:34:49,672 ERROR scheduler Skipped queueing frappe.integrations.doctype.dropbox_settings.dropbox_settings.take_backups_weekly because it was found in queue for mysite.localhost
2024-11-02 16:34:49,680 ERROR scheduler Skipped queueing frappe.integrations.doctype.google_drive.google_drive.daily_backup because it was found in queue for mysite.localhost
2024-11-02 16:34:49,688 ERROR scheduler Skipped queueing frappe.email.doctype.auto_email_report.auto_email_report.send_daily because it was found in queue for mysite.localhost
2024-11-02 16:34:49,696 ERROR scheduler Skipped queueing frappe.integrations.doctype.s3_backup_settings.s3_backup_settings.take_backups_daily because it was found in queue for mysite.localhost
2024-11-02 16:34:49,704 ERROR scheduler Skipped queueing frappe.integrations.doctype.dropbox_settings.dropbox_settings.take_backups_daily because it was found in queue for mysite.localhost
2024-11-02 16:34:49,834 ERROR scheduler Skipped queueing frappe.monitor.flush because it was found in queue for mysite.localhost
2024-11-02 16:34:49,850 ERROR scheduler Skipped queueing frappe.email.queue.flush because it was found in queue for mysite.localhost
2024-11-02 16:34:49,864 ERROR scheduler Skipped queueing frappe.core.doctype.log_settings.log_settings.run_log_clean_up because it was found in queue for mysite.localhost
2024-11-02 16:34:49,874 ERROR scheduler Skipped queueing frappe.core.doctype.prepared_report.prepared_report.expire_stalled_report because it was found in queue for mysite.localhost
2024-11-02 16:34:49,884 ERROR scheduler Skipped queueing frappe.email.doctype.email_account.email_account.pull because it was found in queue for mysite.localhost
2024-11-02 16:34:49,896 ERROR scheduler Skipped queueing frappe.deferred_insert.save_to_db because it was found in queue for mysite.localhost
2024-11-02 16:34:49,906 ERROR scheduler Skipped queueing frappe.utils.global_search.sync_global_search because it was found in queue for mysite.localhost
2024-11-02 16:34:49,922 ERROR scheduler Skipped queueing frappe.email.doctype.email_account.email_account.notify_unreplied because it was found in queue for mysite.localhost
2024-11-02 16:34:49,932 ERROR scheduler Skipped queueing frappe.twofactor.delete_all_barcodes_for_users because it was found in queue for mysite.localhost
2024-11-02 16:34:49,940 ERROR scheduler Skipped queueing frappe.website.doctype.web_page.web_page.check_publish_status because it was found in queue for mysite.localhost
2024-11-02 16:34:49,949 ERROR scheduler Skipped queueing frappe.oauth.delete_oauth2_data because it was found in queue for mysite.localhost
2024-11-02 16:35:50,094 ERROR scheduler Skipped queueing hrms.hr.doctype.shift_assignment_schedule.shift_assignment_schedule.process_auto_shift_creation because it was found in queue for mysite.localhost
2024-11-02 16:35:50,105 ERROR scheduler Skipped queueing hrms.hr.doctype.shift_type.shift_type.process_auto_attendance_for_all_shifts because it was found in queue for mysite.localhost
2024-11-02 16:35:50,126 ERROR scheduler Skipped queueing hrms.hr.utils.allocate_earned_leaves because it was found in queue for mysite.localhost
2024-11-02 16:35:50,138 ERROR scheduler Skipped queueing hrms.hr.utils.generate_leave_encashment because it was found in queue for mysite.localhost
2024-11-02 16:35:50,151 ERROR scheduler Skipped queueing hrms.hr.doctype.leave_ledger_entry.leave_ledger_entry.process_expired_allocation because it was found in queue for mysite.localhost
2024-11-02 16:35:50,213 ERROR scheduler Skipped queueing hrms.hr.doctype.interview.interview.send_interview_reminder because it was found in queue for mysite.localhost
2024-11-02 16:35:50,238 ERROR scheduler Skipped queueing erpnext.utilities.bulk_transaction.retry because it was found in queue for mysite.localhost
2024-11-02 16:35:50,253 ERROR scheduler Skipped queueing erpnext.stock.doctype.repost_item_valuation.repost_item_valuation.repost_entries because it was found in queue for mysite.localhost
2024-11-02 16:35:50,280 ERROR scheduler Skipped queueing erpnext.assets.doctype.asset.depreciation.post_depreciation_entries because it was found in queue for mysite.localhost
2024-11-02 16:35:50,295 ERROR scheduler Skipped queueing erpnext.crm.utils.open_leads_opportunities_based_on_todays_event because it was found in queue for mysite.localhost
2024-11-02 16:35:50,308 ERROR scheduler Skipped queueing erpnext.manufacturing.doctype.bom_update_tool.bom_update_tool.auto_update_latest_price_in_all_boms because it was found in queue for mysite.localhost
2024-11-02 16:35:50,320 ERROR scheduler Skipped queueing erpnext.setup.doctype.email_digest.email_digest.send because it was found in queue for mysite.localhost
2024-11-02 16:35:50,331 ERROR scheduler Skipped queueing erpnext.accounts.doctype.process_subscription.process_subscription.create_subscription_process because it was found in queue for mysite.localhost
2024-11-02 16:35:50,528 ERROR scheduler Skipped queueing frappe.desk.doctype.changelog_feed.changelog_feed.fetch_changelog_feed because it was found in queue for mysite.localhost
2024-11-02 16:35:50,539 ERROR scheduler Skipped queueing frappe.integrations.doctype.google_drive.google_drive.weekly_backup because it was found in queue for mysite.localhost
2024-11-02 16:35:50,549 ERROR scheduler Skipped queueing frappe.social.doctype.energy_point_log.energy_point_log.send_weekly_summary because it was found in queue for mysite.localhost
2024-11-02 16:35:50,560 ERROR scheduler Skipped queueing frappe.utils.change_log.check_for_update because it was found in queue for mysite.localhost
2024-11-02 16:35:50,570 ERROR scheduler Skipped queueing frappe.desk.form.document_follow.send_weekly_updates because it was found in queue for mysite.localhost
2024-11-02 16:35:50,582 ERROR scheduler Skipped queueing frappe.integrations.doctype.s3_backup_settings.s3_backup_settings.take_backups_weekly because it was found in queue for mysite.localhost
2024-11-02 16:35:50,593 ERROR scheduler Skipped queueing frappe.integrations.doctype.dropbox_settings.dropbox_settings.take_backups_weekly because it was found in queue for mysite.localhost
2024-11-02 16:35:50,607 ERROR scheduler Skipped queueing frappe.integrations.doctype.google_drive.google_drive.daily_backup because it was found in queue for mysite.localhost
2024-11-02 16:35:50,618 ERROR scheduler Skipped queueing frappe.email.doctype.auto_email_report.auto_email_report.send_daily because it was found in queue for mysite.localhost
2024-11-02 16:35:50,629 ERROR scheduler Skipped queueing frappe.integrations.doctype.s3_backup_settings.s3_backup_settings.take_backups_daily because it was found in queue for mysite.localhost
2024-11-02 16:35:50,644 ERROR scheduler Skipped queueing frappe.integrations.doctype.dropbox_settings.dropbox_settings.take_backups_daily because it was found in queue for mysite.localhost
2024-11-02 16:35:50,776 ERROR scheduler Skipped queueing frappe.utils.global_search.sync_global_search because it was found in queue for mysite.localhost
2024-11-02 16:35:50,785 ERROR scheduler Skipped queueing frappe.email.doctype.email_account.email_account.notify_unreplied because it was found in queue for mysite.localhost
2024-11-02 16:35:50,794 ERROR scheduler Skipped queueing frappe.twofactor.delete_all_barcodes_for_users because it was found in queue for mysite.localhost
2024-11-02 16:35:50,802 ERROR scheduler Skipped queueing frappe.website.doctype.web_page.web_page.check_publish_status because it was found in queue for mysite.localhost
2024-11-02 16:35:50,811 ERROR scheduler Skipped queueing frappe.oauth.delete_oauth2_data because it was found in queue for mysite.localhost
2024-11-02 16:36:50,959 ERROR scheduler Skipped queueing hrms.hr.doctype.shift_type.shift_type.process_auto_attendance_for_all_shifts because it was found in queue for mysite.localhost
2024-11-02 16:36:50,971 ERROR scheduler Skipped queueing hrms.hr.utils.allocate_earned_leaves because it was found in queue for mysite.localhost
2024-11-02 16:36:50,978 ERROR scheduler Skipped queueing hrms.hr.utils.generate_leave_encashment because it was found in queue for mysite.localhost
2024-11-02 16:36:50,986 ERROR scheduler Skipped queueing hrms.hr.doctype.leave_ledger_entry.leave_ledger_entry.process_expired_allocation because it was found in queue for mysite.localhost
2024-11-02 16:36:51,033 ERROR scheduler Skipped queueing erpnext.utilities.bulk_transaction.retry because it was found in queue for mysite.localhost
2024-11-02 16:36:51,040 ERROR scheduler Skipped queueing erpnext.stock.doctype.repost_item_valuation.repost_item_valuation.repost_entries because it was found in queue for mysite.localhost
2024-11-02 16:36:51,059 ERROR scheduler Skipped queueing erpnext.assets.doctype.asset.depreciation.post_depreciation_entries because it was found in queue for mysite.localhost
2024-11-02 16:36:51,067 ERROR scheduler Skipped queueing erpnext.crm.utils.open_leads_opportunities_based_on_todays_event because it was found in queue for mysite.localhost
2024-11-02 16:36:51,076 ERROR scheduler Skipped queueing erpnext.manufacturing.doctype.bom_update_tool.bom_update_tool.auto_update_latest_price_in_all_boms because it was found in queue for mysite.localhost
2024-11-02 16:36:51,084 ERROR scheduler Skipped queueing erpnext.setup.doctype.email_digest.email_digest.send because it was found in queue for mysite.localhost
2024-11-02 16:36:51,093 ERROR scheduler Skipped queueing erpnext.accounts.doctype.process_subscription.process_subscription.create_subscription_process because it was found in queue for mysite.localhost
2024-11-02 16:36:51,266 ERROR scheduler Skipped queueing frappe.desk.doctype.changelog_feed.changelog_feed.fetch_changelog_feed because it was found in queue for mysite.localhost
2024-11-02 16:36:51,274 ERROR scheduler Skipped queueing frappe.integrations.doctype.google_drive.google_drive.weekly_backup because it was found in queue for mysite.localhost
2024-11-02 16:36:51,282 ERROR scheduler Skipped queueing frappe.social.doctype.energy_point_log.energy_point_log.send_weekly_summary because it was found in queue for mysite.localhost
2024-11-02 16:36:51,289 ERROR scheduler Skipped queueing frappe.utils.change_log.check_for_update because it was found in queue for mysite.localhost
2024-11-02 16:36:51,298 ERROR scheduler Skipped queueing frappe.desk.form.document_follow.send_weekly_updates because it was found in queue for mysite.localhost
2024-11-02 16:36:51,307 ERROR scheduler Skipped queueing frappe.integrations.doctype.s3_backup_settings.s3_backup_settings.take_backups_weekly because it was found in queue for mysite.localhost
2024-11-02 16:36:51,316 ERROR scheduler Skipped queueing frappe.integrations.doctype.dropbox_settings.dropbox_settings.take_backups_weekly because it was found in queue for mysite.localhost
2024-11-02 16:36:51,325 ERROR scheduler Skipped queueing frappe.integrations.doctype.google_drive.google_drive.daily_backup because it was found in queue for mysite.localhost
2024-11-02 16:36:51,333 ERROR scheduler Skipped queueing frappe.email.doctype.auto_email_report.auto_email_report.send_daily because it was found in queue for mysite.localhost
2024-11-02 16:36:51,342 ERROR scheduler Skipped queueing frappe.integrations.doctype.s3_backup_settings.s3_backup_settings.take_backups_daily because it was found in queue for mysite.localhost
2024-11-02 16:36:51,352 ERROR scheduler Skipped queueing frappe.integrations.doctype.dropbox_settings.dropbox_settings.take_backups_daily because it was found in queue for mysite.localhost
2024-11-02 16:37:51,699 ERROR scheduler Skipped queueing hrms.hr.doctype.leave_ledger_entry.leave_ledger_entry.process_expired_allocation because it was found in queue for mysite.localhost
2024-11-02 16:37:51,751 ERROR scheduler Skipped queueing erpnext.utilities.bulk_transaction.retry because it was found in queue for mysite.localhost
2024-11-02 16:37:51,760 ERROR scheduler Skipped queueing erpnext.stock.doctype.repost_item_valuation.repost_item_valuation.repost_entries because it was found in queue for mysite.localhost
2024-11-02 16:37:51,786 ERROR scheduler Skipped queueing erpnext.assets.doctype.asset.depreciation.post_depreciation_entries because it was found in queue for mysite.localhost
2024-11-02 16:37:51,798 ERROR scheduler Skipped queueing erpnext.crm.utils.open_leads_opportunities_based_on_todays_event because it was found in queue for mysite.localhost
2024-11-02 16:37:51,808 ERROR scheduler Skipped queueing erpnext.manufacturing.doctype.bom_update_tool.bom_update_tool.auto_update_latest_price_in_all_boms because it was found in queue for mysite.localhost
2024-11-02 16:37:51,816 ERROR scheduler Skipped queueing erpnext.setup.doctype.email_digest.email_digest.send because it was found in queue for mysite.localhost
2024-11-02 16:37:51,825 ERROR scheduler Skipped queueing erpnext.accounts.doctype.process_subscription.process_subscription.create_subscription_process because it was found in queue for mysite.localhost
2024-11-02 16:37:52,008 ERROR scheduler Skipped queueing frappe.desk.doctype.changelog_feed.changelog_feed.fetch_changelog_feed because it was found in queue for mysite.localhost
2024-11-02 16:37:52,019 ERROR scheduler Skipped queueing frappe.integrations.doctype.google_drive.google_drive.weekly_backup because it was found in queue for mysite.localhost
2024-11-02 16:37:52,030 ERROR scheduler Skipped queueing frappe.social.doctype.energy_point_log.energy_point_log.send_weekly_summary because it was found in queue for mysite.localhost
2024-11-02 16:37:52,041 ERROR scheduler Skipped queueing frappe.utils.change_log.check_for_update because it was found in queue for mysite.localhost
2024-11-02 16:37:52,052 ERROR scheduler Skipped queueing frappe.desk.form.document_follow.send_weekly_updates because it was found in queue for mysite.localhost
2024-11-02 16:37:52,063 ERROR scheduler Skipped queueing frappe.integrations.doctype.s3_backup_settings.s3_backup_settings.take_backups_weekly because it was found in queue for mysite.localhost
2024-11-02 16:37:52,077 ERROR scheduler Skipped queueing frappe.integrations.doctype.dropbox_settings.dropbox_settings.take_backups_weekly because it was found in queue for mysite.localhost
2024-11-02 16:37:52,092 ERROR scheduler Skipped queueing frappe.integrations.doctype.google_drive.google_drive.daily_backup because it was found in queue for mysite.localhost
2024-11-02 16:37:52,105 ERROR scheduler Skipped queueing frappe.email.doctype.auto_email_report.auto_email_report.send_daily because it was found in queue for mysite.localhost
2024-11-02 16:37:52,117 ERROR scheduler Skipped queueing frappe.integrations.doctype.s3_backup_settings.s3_backup_settings.take_backups_daily because it was found in queue for mysite.localhost
2024-11-02 16:37:52,129 ERROR scheduler Skipped queueing frappe.integrations.doctype.dropbox_settings.dropbox_settings.take_backups_daily because it was found in queue for mysite.localhost
2024-11-02 16:38:52,561 ERROR scheduler Skipped queueing erpnext.setup.doctype.email_digest.email_digest.send because it was found in queue for mysite.localhost
2024-11-02 16:38:52,570 ERROR scheduler Skipped queueing erpnext.accounts.doctype.process_subscription.process_subscription.create_subscription_process because it was found in queue for mysite.localhost
2024-11-02 16:38:52,768 ERROR scheduler Skipped queueing frappe.desk.doctype.changelog_feed.changelog_feed.fetch_changelog_feed because it was found in queue for mysite.localhost
2024-11-02 16:38:52,779 ERROR scheduler Skipped queueing frappe.integrations.doctype.google_drive.google_drive.weekly_backup because it was found in queue for mysite.localhost
2024-11-02 16:38:52,788 ERROR scheduler Skipped queueing frappe.social.doctype.energy_point_log.energy_point_log.send_weekly_summary because it was found in queue for mysite.localhost
2024-11-02 16:38:52,800 ERROR scheduler Skipped queueing frappe.utils.change_log.check_for_update because it was found in queue for mysite.localhost
2024-11-02 16:38:52,809 ERROR scheduler Skipped queueing frappe.desk.form.document_follow.send_weekly_updates because it was found in queue for mysite.localhost
2024-11-02 16:38:52,821 ERROR scheduler Skipped queueing frappe.integrations.doctype.s3_backup_settings.s3_backup_settings.take_backups_weekly because it was found in queue for mysite.localhost
2024-11-02 16:38:52,830 ERROR scheduler Skipped queueing frappe.integrations.doctype.dropbox_settings.dropbox_settings.take_backups_weekly because it was found in queue for mysite.localhost
2024-11-02 16:38:52,841 ERROR scheduler Skipped queueing frappe.integrations.doctype.google_drive.google_drive.daily_backup because it was found in queue for mysite.localhost
2024-11-02 16:38:52,851 ERROR scheduler Skipped queueing frappe.email.doctype.auto_email_report.auto_email_report.send_daily because it was found in queue for mysite.localhost
2024-11-02 16:38:52,861 ERROR scheduler Skipped queueing frappe.integrations.doctype.s3_backup_settings.s3_backup_settings.take_backups_daily because it was found in queue for mysite.localhost
2024-11-02 16:38:52,871 ERROR scheduler Skipped queueing frappe.integrations.doctype.dropbox_settings.dropbox_settings.take_backups_daily because it was found in queue for mysite.localhost
2024-11-02 16:39:53,532 ERROR scheduler Skipped queueing frappe.utils.change_log.check_for_update because it was found in queue for mysite.localhost
2024-11-02 16:39:53,541 ERROR scheduler Skipped queueing frappe.desk.form.document_follow.send_weekly_updates because it was found in queue for mysite.localhost
2024-11-02 16:39:53,555 ERROR scheduler Skipped queueing frappe.integrations.doctype.s3_backup_settings.s3_backup_settings.take_backups_weekly because it was found in queue for mysite.localhost
2024-11-02 16:39:53,566 ERROR scheduler Skipped queueing frappe.integrations.doctype.dropbox_settings.dropbox_settings.take_backups_weekly because it was found in queue for mysite.localhost
2024-11-02 16:39:53,574 ERROR scheduler Skipped queueing frappe.integrations.doctype.google_drive.google_drive.daily_backup because it was found in queue for mysite.localhost
2024-11-02 16:39:53,582 ERROR scheduler Skipped queueing frappe.email.doctype.auto_email_report.auto_email_report.send_daily because it was found in queue for mysite.localhost
2024-11-02 16:39:53,589 ERROR scheduler Skipped queueing frappe.integrations.doctype.s3_backup_settings.s3_backup_settings.take_backups_daily because it was found in queue for mysite.localhost
2024-11-02 16:39:53,597 ERROR scheduler Skipped queueing frappe.integrations.doctype.dropbox_settings.dropbox_settings.take_backups_daily because it was found in queue for mysite.localhost
2024-11-02 16:40:54,200 ERROR scheduler Skipped queueing frappe.email.doctype.auto_email_report.auto_email_report.send_daily because it was found in queue for mysite.localhost
2024-11-02 16:40:54,209 ERROR scheduler Skipped queueing frappe.integrations.doctype.s3_backup_settings.s3_backup_settings.take_backups_daily because it was found in queue for mysite.localhost
2024-11-02 16:40:54,218 ERROR scheduler Skipped queueing frappe.integrations.doctype.dropbox_settings.dropbox_settings.take_backups_daily because it was found in queue for mysite.localhost
2024-11-02 16:41:54,790 ERROR scheduler Skipped queueing frappe.integrations.doctype.s3_backup_settings.s3_backup_settings.take_backups_daily because it was found in queue for mysite.localhost
2024-11-02 16:41:54,798 ERROR scheduler Skipped queueing frappe.integrations.doctype.dropbox_settings.dropbox_settings.take_backups_daily because it was found in queue for mysite.localhost
2024-11-02 16:46:58,259 ERROR scheduler Skipped queueing frappe.utils.global_search.sync_global_search because it was found in queue for mysite.localhost
2024-11-02 17:01:06,165 ERROR scheduler Skipped queueing erpnext.manufacturing.doctype.bom_update_log.bom_update_log.resume_bom_cost_update_jobs because it was found in queue for mysite.localhost
2024-11-02 17:01:06,268 ERROR scheduler Skipped queueing frappe.website.doctype.personal_data_deletion_request.personal_data_deletion_request.process_data_deletion_request because it was found in queue for mysite.localhost
2024-11-02 17:01:06,277 ERROR scheduler Skipped queueing frappe.email.doctype.newsletter.newsletter.send_scheduled_email because it was found in queue for mysite.localhost
2024-11-02 17:01:06,284 ERROR scheduler Skipped queueing frappe.integrations.doctype.google_calendar.google_calendar.sync because it was found in queue for mysite.localhost
2024-11-02 17:01:06,292 ERROR scheduler Skipped queueing frappe.desk.form.document_follow.send_hourly_updates because it was found in queue for mysite.localhost
2024-11-02 17:01:06,302 ERROR scheduler Skipped queueing frappe.desk.page.backups.backups.delete_downloadable_backups because it was found in queue for mysite.localhost
2024-11-02 17:01:06,309 ERROR scheduler Skipped queueing frappe.model.utils.user_settings.sync_user_settings because it was found in queue for mysite.localhost
2024-11-02 17:01:06,317 ERROR scheduler Skipped queueing frappe.model.utils.link_count.update_link_count because it was found in queue for mysite.localhost
2024-11-02 17:01:06,325 ERROR scheduler Skipped queueing frappe.automation.doctype.reminder.reminder.send_reminders because it was found in queue for mysite.localhost
2024-11-02 17:01:06,332 ERROR scheduler Skipped queueing frappe.monitor.flush because it was found in queue for mysite.localhost
2024-11-02 17:01:06,340 ERROR scheduler Skipped queueing frappe.email.queue.flush because it was found in queue for mysite.localhost
2024-11-02 17:01:06,362 ERROR scheduler Skipped queueing frappe.deferred_insert.save_to_db because it was found in queue for mysite.localhost
2024-11-02 17:01:06,369 ERROR scheduler Skipped queueing frappe.utils.global_search.sync_global_search because it was found in queue for mysite.localhost
2024-11-02 17:01:06,375 ERROR scheduler Skipped queueing frappe.email.doctype.email_account.email_account.notify_unreplied because it was found in queue for mysite.localhost
2024-11-02 17:01:06,383 ERROR scheduler Skipped queueing frappe.twofactor.delete_all_barcodes_for_users because it was found in queue for mysite.localhost
2024-11-02 17:01:06,390 ERROR scheduler Skipped queueing frappe.website.doctype.web_page.web_page.check_publish_status because it was found in queue for mysite.localhost
2024-11-02 17:01:06,398 ERROR scheduler Skipped queueing frappe.oauth.delete_oauth2_data because it was found in queue for mysite.localhost
2024-11-02 17:02:06,881 ERROR scheduler Skipped queueing frappe.model.utils.link_count.update_link_count because it was found in queue for mysite.localhost
2024-11-02 17:02:06,889 ERROR scheduler Skipped queueing frappe.automation.doctype.reminder.reminder.send_reminders because it was found in queue for mysite.localhost
2024-11-02 17:02:06,898 ERROR scheduler Skipped queueing frappe.monitor.flush because it was found in queue for mysite.localhost
2024-11-02 17:02:06,906 ERROR scheduler Skipped queueing frappe.email.queue.flush because it was found in queue for mysite.localhost
2024-11-02 17:02:06,921 ERROR scheduler Skipped queueing frappe.email.doctype.email_account.email_account.pull because it was found in queue for mysite.localhost
2024-11-02 17:02:06,928 ERROR scheduler Skipped queueing frappe.deferred_insert.save_to_db because it was found in queue for mysite.localhost
2024-11-02 17:02:06,936 ERROR scheduler Skipped queueing frappe.utils.global_search.sync_global_search because it was found in queue for mysite.localhost
2024-11-02 17:02:06,943 ERROR scheduler Skipped queueing frappe.email.doctype.email_account.email_account.notify_unreplied because it was found in queue for mysite.localhost
2024-11-02 17:02:06,950 ERROR scheduler Skipped queueing frappe.twofactor.delete_all_barcodes_for_users because it was found in queue for mysite.localhost
2024-11-02 17:02:06,957 ERROR scheduler Skipped queueing frappe.website.doctype.web_page.web_page.check_publish_status because it was found in queue for mysite.localhost
2024-11-02 17:02:06,965 ERROR scheduler Skipped queueing frappe.oauth.delete_oauth2_data because it was found in queue for mysite.localhost
2024-11-02 17:03:07,619 ERROR scheduler Skipped queueing frappe.website.doctype.web_page.web_page.check_publish_status because it was found in queue for mysite.localhost
2024-11-02 17:03:07,626 ERROR scheduler Skipped queueing frappe.oauth.delete_oauth2_data because it was found in queue for mysite.localhost
2024-11-02 17:16:14,424 ERROR scheduler Skipped queueing frappe.website.doctype.web_page.web_page.check_publish_status because it was found in queue for mysite.localhost
2024-11-02 17:16:14,434 ERROR scheduler Skipped queueing frappe.oauth.delete_oauth2_data because it was found in queue for mysite.localhost
2024-11-02 17:31:23,705 ERROR scheduler Skipped queueing frappe.deferred_insert.save_to_db because it was found in queue for mysite.localhost
2024-11-02 17:31:23,715 ERROR scheduler Skipped queueing frappe.utils.global_search.sync_global_search because it was found in queue for mysite.localhost
2024-11-02 17:31:23,724 ERROR scheduler Skipped queueing frappe.email.doctype.email_account.email_account.notify_unreplied because it was found in queue for mysite.localhost
2024-11-02 17:31:23,732 ERROR scheduler Skipped queueing frappe.twofactor.delete_all_barcodes_for_users because it was found in queue for mysite.localhost
2024-11-02 17:31:23,740 ERROR scheduler Skipped queueing frappe.website.doctype.web_page.web_page.check_publish_status because it was found in queue for mysite.localhost
2024-11-02 17:31:23,750 ERROR scheduler Skipped queueing frappe.oauth.delete_oauth2_data because it was found in queue for mysite.localhost
2024-11-02 17:46:32,871 ERROR scheduler Skipped queueing frappe.website.doctype.web_page.web_page.check_publish_status because it was found in queue for mysite.localhost
2024-11-02 17:46:32,890 ERROR scheduler Skipped queueing frappe.oauth.delete_oauth2_data because it was found in queue for mysite.localhost
2024-11-02 18:01:41,327 ERROR scheduler Skipped queueing erpnext.accounts.doctype.process_payment_reconciliation.process_payment_reconciliation.trigger_reconciliation_for_queued_docs because it was found in queue for mysite.localhost
2024-11-02 18:01:41,333 ERROR scheduler Skipped queueing erpnext.manufacturing.doctype.bom_update_log.bom_update_log.resume_bom_cost_update_jobs because it was found in queue for mysite.localhost
2024-11-02 18:01:41,429 ERROR scheduler Skipped queueing frappe.website.doctype.personal_data_deletion_request.personal_data_deletion_request.process_data_deletion_request because it was found in queue for mysite.localhost
2024-11-02 18:01:41,436 ERROR scheduler Skipped queueing frappe.email.doctype.newsletter.newsletter.send_scheduled_email because it was found in queue for mysite.localhost
2024-11-02 18:01:41,444 ERROR scheduler Skipped queueing frappe.integrations.doctype.google_calendar.google_calendar.sync because it was found in queue for mysite.localhost
2024-11-02 18:01:41,451 ERROR scheduler Skipped queueing frappe.desk.form.document_follow.send_hourly_updates because it was found in queue for mysite.localhost
2024-11-02 18:01:41,459 ERROR scheduler Skipped queueing frappe.desk.page.backups.backups.delete_downloadable_backups because it was found in queue for mysite.localhost
2024-11-02 18:01:41,466 ERROR scheduler Skipped queueing frappe.model.utils.user_settings.sync_user_settings because it was found in queue for mysite.localhost
2024-11-02 18:01:41,474 ERROR scheduler Skipped queueing frappe.model.utils.link_count.update_link_count because it was found in queue for mysite.localhost
2024-11-02 18:01:41,482 ERROR scheduler Skipped queueing frappe.automation.doctype.reminder.reminder.send_reminders because it was found in queue for mysite.localhost
2024-11-02 18:01:41,491 ERROR scheduler Skipped queueing frappe.monitor.flush because it was found in queue for mysite.localhost
2024-11-02 18:01:41,501 ERROR scheduler Skipped queueing frappe.email.queue.flush because it was found in queue for mysite.localhost
2024-11-02 18:01:41,528 ERROR scheduler Skipped queueing frappe.deferred_insert.save_to_db because it was found in queue for mysite.localhost
2024-11-02 18:01:41,535 ERROR scheduler Skipped queueing frappe.utils.global_search.sync_global_search because it was found in queue for mysite.localhost
2024-11-02 18:01:41,545 ERROR scheduler Skipped queueing frappe.email.doctype.email_account.email_account.notify_unreplied because it was found in queue for mysite.localhost
2024-11-02 18:01:41,553 ERROR scheduler Skipped queueing frappe.twofactor.delete_all_barcodes_for_users because it was found in queue for mysite.localhost
2024-11-02 18:01:41,561 ERROR scheduler Skipped queueing frappe.website.doctype.web_page.web_page.check_publish_status because it was found in queue for mysite.localhost
2024-11-02 18:01:41,569 ERROR scheduler Skipped queueing frappe.oauth.delete_oauth2_data because it was found in queue for mysite.localhost
2024-11-02 18:02:42,068 ERROR scheduler Skipped queueing frappe.model.utils.link_count.update_link_count because it was found in queue for mysite.localhost
2024-11-02 18:02:42,077 ERROR scheduler Skipped queueing frappe.automation.doctype.reminder.reminder.send_reminders because it was found in queue for mysite.localhost
2024-11-02 18:02:42,087 ERROR scheduler Skipped queueing frappe.monitor.flush because it was found in queue for mysite.localhost
2024-11-02 18:02:42,097 ERROR scheduler Skipped queueing frappe.email.queue.flush because it was found in queue for mysite.localhost
2024-11-02 18:02:42,118 ERROR scheduler Skipped queueing frappe.email.doctype.email_account.email_account.pull because it was found in queue for mysite.localhost
2024-11-02 18:02:42,128 ERROR scheduler Skipped queueing frappe.deferred_insert.save_to_db because it was found in queue for mysite.localhost
2024-11-02 18:02:42,137 ERROR scheduler Skipped queueing frappe.utils.global_search.sync_global_search because it was found in queue for mysite.localhost
2024-11-02 18:02:42,145 ERROR scheduler Skipped queueing frappe.email.doctype.email_account.email_account.notify_unreplied because it was found in queue for mysite.localhost
2024-11-02 18:02:42,160 ERROR scheduler Skipped queueing frappe.twofactor.delete_all_barcodes_for_users because it was found in queue for mysite.localhost
2024-11-02 18:02:42,174 ERROR scheduler Skipped queueing frappe.website.doctype.web_page.web_page.check_publish_status because it was found in queue for mysite.localhost
2024-11-02 18:02:42,183 ERROR scheduler Skipped queueing frappe.oauth.delete_oauth2_data because it was found in queue for mysite.localhost
2024-11-02 18:03:42,337 ERROR scheduler Skipped queueing hrms.hr.doctype.shift_assignment_schedule.shift_assignment_schedule.process_auto_shift_creation because it was found in queue for mysite.localhost
2024-11-02 18:03:42,392 ERROR scheduler Skipped queueing erpnext.utilities.bulk_transaction.retry because it was found in queue for mysite.localhost
2024-11-02 18:03:42,721 ERROR scheduler Skipped queueing frappe.twofactor.delete_all_barcodes_for_users because it was found in queue for mysite.localhost
2024-11-02 18:03:42,729 ERROR scheduler Skipped queueing frappe.website.doctype.web_page.web_page.check_publish_status because it was found in queue for mysite.localhost
2024-11-02 18:03:42,737 ERROR scheduler Skipped queueing frappe.oauth.delete_oauth2_data because it was found in queue for mysite.localhost
2024-11-02 18:16:49,551 ERROR scheduler Skipped queueing frappe.oauth.delete_oauth2_data because it was found in queue for mysite.localhost
2024-11-02 18:31:58,314 ERROR scheduler Skipped queueing frappe.deferred_insert.save_to_db because it was found in queue for mysite.localhost
2024-11-02 18:31:58,323 ERROR scheduler Skipped queueing frappe.utils.global_search.sync_global_search because it was found in queue for mysite.localhost
2024-11-02 18:31:58,332 ERROR scheduler Skipped queueing frappe.email.doctype.email_account.email_account.notify_unreplied because it was found in queue for mysite.localhost
2024-11-02 18:31:58,339 ERROR scheduler Skipped queueing frappe.twofactor.delete_all_barcodes_for_users because it was found in queue for mysite.localhost
2024-11-02 18:31:58,348 ERROR scheduler Skipped queueing frappe.website.doctype.web_page.web_page.check_publish_status because it was found in queue for mysite.localhost
2024-11-02 18:31:58,356 ERROR scheduler Skipped queueing frappe.oauth.delete_oauth2_data because it was found in queue for mysite.localhost
2024-11-02 18:46:07,270 ERROR scheduler Skipped queueing frappe.website.doctype.web_page.web_page.check_publish_status because it was found in queue for mysite.localhost
2024-11-02 18:46:07,281 ERROR scheduler Skipped queueing frappe.oauth.delete_oauth2_data because it was found in queue for mysite.localhost
2024-11-03 09:50:12,336 ERROR scheduler Skipped queueing hrms.hr.doctype.shift_type.shift_type.process_auto_attendance_for_all_shifts because it was found in queue for mysite.localhost
2024-11-03 09:50:12,392 ERROR scheduler Skipped queueing erpnext.utilities.bulk_transaction.retry because it was found in queue for mysite.localhost
2024-11-03 09:50:12,400 ERROR scheduler Skipped queueing erpnext.stock.doctype.repost_item_valuation.repost_item_valuation.repost_entries because it was found in queue for mysite.localhost
2024-11-03 09:50:12,558 ERROR scheduler Skipped queueing erpnext.accounts.doctype.gl_entry.gl_entry.rename_gle_sle_docs because it was found in queue for mysite.localhost
2024-11-03 09:50:12,566 ERROR scheduler Skipped queueing erpnext.accounts.doctype.process_payment_reconciliation.process_payment_reconciliation.trigger_reconciliation_for_queued_docs because it was found in queue for mysite.localhost
2024-11-03 09:50:12,574 ERROR scheduler Skipped queueing erpnext.manufacturing.doctype.bom_update_log.bom_update_log.resume_bom_cost_update_jobs because it was found in queue for mysite.localhost
2024-11-03 09:50:12,770 ERROR scheduler Skipped queueing frappe.website.doctype.personal_data_deletion_request.personal_data_deletion_request.process_data_deletion_request because it was found in queue for mysite.localhost
2024-11-03 09:50:12,786 ERROR scheduler Skipped queueing frappe.email.doctype.newsletter.newsletter.send_scheduled_email because it was found in queue for mysite.localhost
2024-11-03 09:50:12,800 ERROR scheduler Skipped queueing frappe.integrations.doctype.google_calendar.google_calendar.sync because it was found in queue for mysite.localhost
2024-11-03 09:50:12,814 ERROR scheduler Skipped queueing frappe.desk.form.document_follow.send_hourly_updates because it was found in queue for mysite.localhost
2024-11-03 09:50:12,839 ERROR scheduler Skipped queueing frappe.desk.page.backups.backups.delete_downloadable_backups because it was found in queue for mysite.localhost
2024-11-03 09:50:12,848 ERROR scheduler Skipped queueing frappe.model.utils.user_settings.sync_user_settings because it was found in queue for mysite.localhost
2024-11-03 09:50:12,856 ERROR scheduler Skipped queueing frappe.model.utils.link_count.update_link_count because it was found in queue for mysite.localhost
2024-11-03 09:50:12,865 ERROR scheduler Skipped queueing frappe.automation.doctype.reminder.reminder.send_reminders because it was found in queue for mysite.localhost
2024-11-03 09:50:12,873 ERROR scheduler Skipped queueing frappe.monitor.flush because it was found in queue for mysite.localhost
2024-11-03 09:50:12,881 ERROR scheduler Skipped queueing frappe.email.queue.flush because it was found in queue for mysite.localhost
2024-11-03 09:50:12,894 ERROR scheduler Skipped queueing frappe.core.doctype.prepared_report.prepared_report.expire_stalled_report because it was found in queue for mysite.localhost
2024-11-03 09:50:12,902 ERROR scheduler Skipped queueing frappe.email.doctype.email_account.email_account.pull because it was found in queue for mysite.localhost
2024-11-03 09:50:12,909 ERROR scheduler Skipped queueing frappe.deferred_insert.save_to_db because it was found in queue for mysite.localhost
2024-11-03 09:50:12,916 ERROR scheduler Skipped queueing frappe.utils.global_search.sync_global_search because it was found in queue for mysite.localhost
2024-11-03 09:50:12,923 ERROR scheduler Skipped queueing frappe.email.doctype.email_account.email_account.notify_unreplied because it was found in queue for mysite.localhost
2024-11-03 09:50:12,933 ERROR scheduler Skipped queueing frappe.twofactor.delete_all_barcodes_for_users because it was found in queue for mysite.localhost
2024-11-03 09:50:12,941 ERROR scheduler Skipped queueing frappe.website.doctype.web_page.web_page.check_publish_status because it was found in queue for mysite.localhost
2024-11-03 09:50:12,949 ERROR scheduler Skipped queueing frappe.oauth.delete_oauth2_data because it was found in queue for mysite.localhost
2024-11-03 09:51:13,125 ERROR scheduler Skipped queueing hrms.hr.doctype.shift_type.shift_type.process_auto_attendance_for_all_shifts because it was found in queue for mysite.localhost
2024-11-03 09:51:13,179 ERROR scheduler Skipped queueing erpnext.utilities.bulk_transaction.retry because it was found in queue for mysite.localhost
2024-11-03 09:51:13,187 ERROR scheduler Skipped queueing erpnext.stock.doctype.repost_item_valuation.repost_item_valuation.repost_entries because it was found in queue for mysite.localhost
2024-11-03 09:51:13,450 ERROR scheduler Skipped queueing frappe.desk.form.document_follow.send_hourly_updates because it was found in queue for mysite.localhost
2024-11-03 09:51:13,458 ERROR scheduler Skipped queueing frappe.desk.page.backups.backups.delete_downloadable_backups because it was found in queue for mysite.localhost
2024-11-03 09:51:13,466 ERROR scheduler Skipped queueing frappe.model.utils.user_settings.sync_user_settings because it was found in queue for mysite.localhost
2024-11-03 09:51:13,474 ERROR scheduler Skipped queueing frappe.model.utils.link_count.update_link_count because it was found in queue for mysite.localhost
2024-11-03 09:51:13,482 ERROR scheduler Skipped queueing frappe.automation.doctype.reminder.reminder.send_reminders because it was found in queue for mysite.localhost
2024-11-03 09:51:13,489 ERROR scheduler Skipped queueing frappe.monitor.flush because it was found in queue for mysite.localhost
2024-11-03 09:51:13,497 ERROR scheduler Skipped queueing frappe.email.queue.flush because it was found in queue for mysite.localhost
2024-11-03 09:51:13,510 ERROR scheduler Skipped queueing frappe.core.doctype.prepared_report.prepared_report.expire_stalled_report because it was found in queue for mysite.localhost
2024-11-03 09:51:13,517 ERROR scheduler Skipped queueing frappe.email.doctype.email_account.email_account.pull because it was found in queue for mysite.localhost
2024-11-03 09:51:13,525 ERROR scheduler Skipped queueing frappe.deferred_insert.save_to_db because it was found in queue for mysite.localhost
2024-11-03 09:51:13,532 ERROR scheduler Skipped queueing frappe.utils.global_search.sync_global_search because it was found in queue for mysite.localhost
2024-11-03 09:51:13,540 ERROR scheduler Skipped queueing frappe.email.doctype.email_account.email_account.notify_unreplied because it was found in queue for mysite.localhost
2024-11-03 09:51:13,547 ERROR scheduler Skipped queueing frappe.twofactor.delete_all_barcodes_for_users because it was found in queue for mysite.localhost
2024-11-03 09:51:13,554 ERROR scheduler Skipped queueing frappe.website.doctype.web_page.web_page.check_publish_status because it was found in queue for mysite.localhost
2024-11-03 09:51:13,563 ERROR scheduler Skipped queueing frappe.oauth.delete_oauth2_data because it was found in queue for mysite.localhost
2024-11-03 09:52:13,742 ERROR scheduler Skipped queueing hrms.hr.doctype.shift_type.shift_type.process_auto_attendance_for_all_shifts because it was found in queue for mysite.localhost
2024-11-03 09:52:13,808 ERROR scheduler Skipped queueing erpnext.utilities.bulk_transaction.retry because it was found in queue for mysite.localhost
2024-11-03 09:52:13,816 ERROR scheduler Skipped queueing erpnext.stock.doctype.repost_item_valuation.repost_item_valuation.repost_entries because it was found in queue for mysite.localhost
2024-11-03 09:52:14,171 ERROR scheduler Skipped queueing frappe.core.doctype.prepared_report.prepared_report.expire_stalled_report because it was found in queue for mysite.localhost
2024-11-03 09:52:14,182 ERROR scheduler Skipped queueing frappe.email.doctype.email_account.email_account.pull because it was found in queue for mysite.localhost
2024-11-03 09:52:14,191 ERROR scheduler Skipped queueing frappe.deferred_insert.save_to_db because it was found in queue for mysite.localhost
2024-11-03 09:52:14,200 ERROR scheduler Skipped queueing frappe.utils.global_search.sync_global_search because it was found in queue for mysite.localhost
2024-11-03 09:52:14,207 ERROR scheduler Skipped queueing frappe.email.doctype.email_account.email_account.notify_unreplied because it was found in queue for mysite.localhost
2024-11-03 09:52:14,215 ERROR scheduler Skipped queueing frappe.twofactor.delete_all_barcodes_for_users because it was found in queue for mysite.localhost
2024-11-03 09:52:14,224 ERROR scheduler Skipped queueing frappe.website.doctype.web_page.web_page.check_publish_status because it was found in queue for mysite.localhost
2024-11-03 09:52:14,238 ERROR scheduler Skipped queueing frappe.oauth.delete_oauth2_data because it was found in queue for mysite.localhost
2024-11-03 09:53:14,450 ERROR scheduler Skipped queueing hrms.hr.doctype.shift_type.shift_type.process_auto_attendance_for_all_shifts because it was found in queue for mysite.localhost
2024-11-03 09:53:14,520 ERROR scheduler Skipped queueing hrms.hr.doctype.interview.interview.send_interview_reminder because it was found in queue for mysite.localhost
2024-11-03 09:53:14,544 ERROR scheduler Skipped queueing erpnext.utilities.bulk_transaction.retry because it was found in queue for mysite.localhost
2024-11-03 09:53:14,557 ERROR scheduler Skipped queueing erpnext.stock.doctype.repost_item_valuation.repost_item_valuation.repost_entries because it was found in queue for mysite.localhost
2024-11-03 09:53:14,934 ERROR scheduler Skipped queueing frappe.automation.doctype.reminder.reminder.send_reminders because it was found in queue for mysite.localhost
2024-11-03 09:53:14,942 ERROR scheduler Skipped queueing frappe.monitor.flush because it was found in queue for mysite.localhost
2024-11-03 10:01:21,699 ERROR scheduler Skipped queueing erpnext.erpnext_integrations.doctype.plaid_settings.plaid_settings.automatic_synchronization because it was found in queue for mysite.localhost
2024-11-03 10:01:21,710 ERROR scheduler Skipped queueing erpnext.utilities.doctype.video.video.update_youtube_data because it was found in queue for mysite.localhost
2024-11-03 10:01:21,915 ERROR scheduler Skipped queueing frappe.desk.page.backups.backups.delete_downloadable_backups because it was found in queue for mysite.localhost
2024-11-03 10:01:21,927 ERROR scheduler Skipped queueing frappe.model.utils.user_settings.sync_user_settings because it was found in queue for mysite.localhost
2024-11-03 10:01:21,938 ERROR scheduler Skipped queueing frappe.model.utils.link_count.update_link_count because it was found in queue for mysite.localhost
2024-11-03 10:01:21,950 ERROR scheduler Skipped queueing frappe.automation.doctype.reminder.reminder.send_reminders because it was found in queue for mysite.localhost
2024-11-03 10:01:21,963 ERROR scheduler Skipped queueing frappe.monitor.flush because it was found in queue for mysite.localhost
2024-11-03 10:01:21,973 ERROR scheduler Skipped queueing frappe.email.queue.flush because it was found in queue for mysite.localhost
2024-11-03 10:01:21,994 ERROR scheduler Skipped queueing frappe.email.doctype.email_account.email_account.pull because it was found in queue for mysite.localhost
2024-11-03 10:01:22,011 ERROR scheduler Skipped queueing frappe.deferred_insert.save_to_db because it was found in queue for mysite.localhost
2024-11-03 10:01:22,032 ERROR scheduler Skipped queueing frappe.utils.global_search.sync_global_search because it was found in queue for mysite.localhost
2024-11-03 10:01:22,048 ERROR scheduler Skipped queueing frappe.email.doctype.email_account.email_account.notify_unreplied because it was found in queue for mysite.localhost
2024-11-03 10:01:22,063 ERROR scheduler Skipped queueing frappe.twofactor.delete_all_barcodes_for_users because it was found in queue for mysite.localhost
2024-11-03 10:01:22,078 ERROR scheduler Skipped queueing frappe.website.doctype.web_page.web_page.check_publish_status because it was found in queue for mysite.localhost
2024-11-03 10:01:22,088 ERROR scheduler Skipped queueing frappe.oauth.delete_oauth2_data because it was found in queue for mysite.localhost
2024-11-03 10:02:23,011 ERROR scheduler Skipped queueing frappe.email.doctype.newsletter.newsletter.send_scheduled_email because it was found in queue for mysite.localhost
2024-11-03 10:02:23,032 ERROR scheduler Skipped queueing frappe.integrations.doctype.google_calendar.google_calendar.sync because it was found in queue for mysite.localhost
2024-11-03 10:02:23,051 ERROR scheduler Skipped queueing frappe.desk.form.document_follow.send_hourly_updates because it was found in queue for mysite.localhost
2024-11-03 10:02:23,122 ERROR scheduler Skipped queueing frappe.automation.doctype.reminder.reminder.send_reminders because it was found in queue for mysite.localhost
2024-11-03 10:02:23,134 ERROR scheduler Skipped queueing frappe.monitor.flush because it was found in queue for mysite.localhost
2024-11-03 10:02:23,144 ERROR scheduler Skipped queueing frappe.email.queue.flush because it was found in queue for mysite.localhost
2024-11-03 10:02:23,166 ERROR scheduler Skipped queueing frappe.email.doctype.email_account.email_account.pull because it was found in queue for mysite.localhost
2024-11-03 10:02:23,175 ERROR scheduler Skipped queueing frappe.deferred_insert.save_to_db because it was found in queue for mysite.localhost
2024-11-03 10:02:23,189 ERROR scheduler Skipped queueing frappe.utils.global_search.sync_global_search because it was found in queue for mysite.localhost
2024-11-03 10:02:23,201 ERROR scheduler Skipped queueing frappe.email.doctype.email_account.email_account.notify_unreplied because it was found in queue for mysite.localhost
2024-11-03 10:02:23,213 ERROR scheduler Skipped queueing frappe.twofactor.delete_all_barcodes_for_users because it was found in queue for mysite.localhost
2024-11-03 10:02:23,226 ERROR scheduler Skipped queueing frappe.website.doctype.web_page.web_page.check_publish_status because it was found in queue for mysite.localhost
2024-11-03 10:02:23,239 ERROR scheduler Skipped queueing frappe.oauth.delete_oauth2_data because it was found in queue for mysite.localhost
2024-11-03 10:03:23,860 ERROR scheduler Skipped queueing frappe.automation.doctype.reminder.reminder.send_reminders because it was found in queue for mysite.localhost
2024-11-03 10:03:23,872 ERROR scheduler Skipped queueing frappe.monitor.flush because it was found in queue for mysite.localhost
2024-11-03 10:03:23,885 ERROR scheduler Skipped queueing frappe.email.queue.flush because it was found in queue for mysite.localhost
2024-11-03 10:04:24,715 ERROR scheduler Skipped queueing frappe.utils.global_search.sync_global_search because it was found in queue for mysite.localhost
2024-11-03 10:04:24,724 ERROR scheduler Skipped queueing frappe.email.doctype.email_account.email_account.notify_unreplied because it was found in queue for mysite.localhost
2024-11-03 10:04:24,734 ERROR scheduler Skipped queueing frappe.twofactor.delete_all_barcodes_for_users because it was found in queue for mysite.localhost
2024-11-03 10:04:24,746 ERROR scheduler Skipped queueing frappe.website.doctype.web_page.web_page.check_publish_status because it was found in queue for mysite.localhost
2024-11-03 10:04:24,755 ERROR scheduler Skipped queueing frappe.oauth.delete_oauth2_data because it was found in queue for mysite.localhost
2024-11-03 10:05:24,950 ERROR scheduler Skipped queueing hrms.hr.doctype.shift_assignment_schedule.shift_assignment_schedule.process_auto_shift_creation because it was found in queue for mysite.localhost
2024-11-03 10:05:24,958 ERROR scheduler Skipped queueing hrms.hr.doctype.shift_type.shift_type.process_auto_attendance_for_all_shifts because it was found in queue for mysite.localhost
2024-11-03 10:05:25,019 ERROR scheduler Skipped queueing hrms.hr.doctype.interview.interview.send_interview_reminder because it was found in queue for mysite.localhost
2024-11-03 10:05:25,402 ERROR scheduler Skipped queueing frappe.automation.doctype.reminder.reminder.send_reminders because it was found in queue for mysite.localhost
2024-11-03 10:05:25,411 ERROR scheduler Skipped queueing frappe.monitor.flush because it was found in queue for mysite.localhost
2024-11-03 10:05:25,422 ERROR scheduler Skipped queueing frappe.email.queue.flush because it was found in queue for mysite.localhost
2024-11-03 10:06:25,706 ERROR scheduler Skipped queueing hrms.hr.doctype.shift_assignment_schedule.shift_assignment_schedule.process_auto_shift_creation because it was found in queue for mysite.localhost
2024-11-03 10:06:25,717 ERROR scheduler Skipped queueing hrms.hr.doctype.shift_type.shift_type.process_auto_attendance_for_all_shifts because it was found in queue for mysite.localhost
2024-11-03 10:06:25,793 ERROR scheduler Skipped queueing hrms.hr.doctype.interview.interview.send_interview_reminder because it was found in queue for mysite.localhost
2024-11-03 10:06:25,807 ERROR scheduler Skipped queueing erpnext.utilities.bulk_transaction.retry because it was found in queue for mysite.localhost
2024-11-03 10:06:26,131 ERROR scheduler Skipped queueing frappe.automation.doctype.reminder.reminder.send_reminders because it was found in queue for mysite.localhost
2024-11-03 10:06:26,142 ERROR scheduler Skipped queueing frappe.monitor.flush because it was found in queue for mysite.localhost
2024-11-03 10:06:26,152 ERROR scheduler Skipped queueing frappe.email.queue.flush because it was found in queue for mysite.localhost
2024-11-03 10:07:26,419 ERROR scheduler Skipped queueing hrms.hr.doctype.shift_type.shift_type.process_auto_attendance_for_all_shifts because it was found in queue for mysite.localhost
2024-11-03 10:07:26,486 ERROR scheduler Skipped queueing hrms.hr.doctype.interview.interview.send_interview_reminder because it was found in queue for mysite.localhost
2024-11-03 10:07:26,501 ERROR scheduler Skipped queueing erpnext.utilities.bulk_transaction.retry because it was found in queue for mysite.localhost
2024-11-03 10:07:26,933 ERROR scheduler Skipped queueing frappe.automation.doctype.reminder.reminder.send_reminders because it was found in queue for mysite.localhost
2024-11-03 10:07:26,946 ERROR scheduler Skipped queueing frappe.monitor.flush because it was found in queue for mysite.localhost
2024-11-03 10:07:26,959 ERROR scheduler Skipped queueing frappe.email.queue.flush because it was found in queue for mysite.localhost
2024-11-03 10:08:27,234 ERROR scheduler Skipped queueing hrms.hr.doctype.shift_assignment_schedule.shift_assignment_schedule.process_auto_shift_creation because it was found in queue for mysite.localhost
2024-11-03 10:08:27,243 ERROR scheduler Skipped queueing hrms.hr.doctype.shift_type.shift_type.process_auto_attendance_for_all_shifts because it was found in queue for mysite.localhost
2024-11-03 10:08:27,318 ERROR scheduler Skipped queueing erpnext.utilities.bulk_transaction.retry because it was found in queue for mysite.localhost
2024-11-03 10:08:27,332 ERROR scheduler Skipped queueing erpnext.stock.doctype.repost_item_valuation.repost_item_valuation.repost_entries because it was found in queue for mysite.localhost
2024-11-03 10:08:27,717 ERROR scheduler Skipped queueing frappe.automation.doctype.reminder.reminder.send_reminders because it was found in queue for mysite.localhost
2024-11-03 10:08:27,727 ERROR scheduler Skipped queueing frappe.monitor.flush because it was found in queue for mysite.localhost
2024-11-03 10:08:27,735 ERROR scheduler Skipped queueing frappe.email.queue.flush because it was found in queue for mysite.localhost
2024-11-03 10:09:28,046 ERROR scheduler Skipped queueing erpnext.utilities.bulk_transaction.retry because it was found in queue for mysite.localhost
2024-11-03 10:09:28,055 ERROR scheduler Skipped queueing erpnext.stock.doctype.repost_item_valuation.repost_item_valuation.repost_entries because it was found in queue for mysite.localhost
2024-11-03 10:16:32,996 ERROR scheduler Skipped queueing frappe.website.doctype.web_page.web_page.check_publish_status because it was found in queue for mysite.localhost
2024-11-03 10:16:33,007 ERROR scheduler Skipped queueing frappe.oauth.delete_oauth2_data because it was found in queue for mysite.localhost
2024-11-03 10:31:45,353 ERROR scheduler Skipped queueing frappe.core.doctype.prepared_report.prepared_report.expire_stalled_report because it was found in queue for mysite.localhost
2024-11-03 10:31:45,362 ERROR scheduler Skipped queueing frappe.email.doctype.email_account.email_account.pull because it was found in queue for mysite.localhost
2024-11-03 10:31:45,376 ERROR scheduler Skipped queueing frappe.deferred_insert.save_to_db because it was found in queue for mysite.localhost
2024-11-03 10:31:45,390 ERROR scheduler Skipped queueing frappe.utils.global_search.sync_global_search because it was found in queue for mysite.localhost
2024-11-03 10:31:45,399 ERROR scheduler Skipped queueing frappe.email.doctype.email_account.email_account.notify_unreplied because it was found in queue for mysite.localhost
2024-11-03 10:31:45,408 ERROR scheduler Skipped queueing frappe.twofactor.delete_all_barcodes_for_users because it was found in queue for mysite.localhost
2024-11-03 10:31:45,418 ERROR scheduler Skipped queueing frappe.website.doctype.web_page.web_page.check_publish_status because it was found in queue for mysite.localhost
2024-11-03 10:31:45,427 ERROR scheduler Skipped queueing frappe.oauth.delete_oauth2_data because it was found in queue for mysite.localhost
2024-11-03 10:32:46,066 ERROR scheduler Skipped queueing frappe.oauth.delete_oauth2_data because it was found in queue for mysite.localhost
2024-11-03 10:46:55,896 ERROR scheduler Skipped queueing frappe.website.doctype.web_page.web_page.check_publish_status because it was found in queue for mysite.localhost
2024-11-03 10:46:55,909 ERROR scheduler Skipped queueing frappe.oauth.delete_oauth2_data because it was found in queue for mysite.localhost
2024-11-03 11:01:05,049 ERROR scheduler Skipped queueing erpnext.utilities.doctype.video.video.update_youtube_data because it was found in queue for mysite.localhost
2024-11-03 11:01:05,068 ERROR scheduler Skipped queueing erpnext.accounts.doctype.process_payment_reconciliation.process_payment_reconciliation.trigger_reconciliation_for_queued_docs because it was found in queue for mysite.localhost
2024-11-03 11:01:05,079 ERROR scheduler Skipped queueing erpnext.manufacturing.doctype.bom_update_log.bom_update_log.resume_bom_cost_update_jobs because it was found in queue for mysite.localhost
2024-11-03 11:01:05,227 ERROR scheduler Skipped queueing frappe.website.doctype.personal_data_deletion_request.personal_data_deletion_request.process_data_deletion_request because it was found in queue for mysite.localhost
2024-11-03 11:01:05,238 ERROR scheduler Skipped queueing frappe.email.doctype.newsletter.newsletter.send_scheduled_email because it was found in queue for mysite.localhost
2024-11-03 11:01:05,249 ERROR scheduler Skipped queueing frappe.integrations.doctype.google_calendar.google_calendar.sync because it was found in queue for mysite.localhost
2024-11-03 11:01:05,259 ERROR scheduler Skipped queueing frappe.desk.form.document_follow.send_hourly_updates because it was found in queue for mysite.localhost
2024-11-03 11:01:05,268 ERROR scheduler Skipped queueing frappe.desk.page.backups.backups.delete_downloadable_backups because it was found in queue for mysite.localhost
2024-11-03 11:01:05,277 ERROR scheduler Skipped queueing frappe.model.utils.user_settings.sync_user_settings because it was found in queue for mysite.localhost
2024-11-03 11:01:05,294 ERROR scheduler Skipped queueing frappe.model.utils.link_count.update_link_count because it was found in queue for mysite.localhost
2024-11-03 11:01:05,306 ERROR scheduler Skipped queueing frappe.automation.doctype.reminder.reminder.send_reminders because it was found in queue for mysite.localhost
2024-11-03 11:01:05,316 ERROR scheduler Skipped queueing frappe.monitor.flush because it was found in queue for mysite.localhost
2024-11-03 11:01:05,326 ERROR scheduler Skipped queueing frappe.email.queue.flush because it was found in queue for mysite.localhost
2024-11-03 11:01:05,350 ERROR scheduler Skipped queueing frappe.email.doctype.email_account.email_account.pull because it was found in queue for mysite.localhost
2024-11-03 11:01:05,361 ERROR scheduler Skipped queueing frappe.deferred_insert.save_to_db because it was found in queue for mysite.localhost
2024-11-03 11:01:05,373 ERROR scheduler Skipped queueing frappe.utils.global_search.sync_global_search because it was found in queue for mysite.localhost
2024-11-03 11:01:05,386 ERROR scheduler Skipped queueing frappe.email.doctype.email_account.email_account.notify_unreplied because it was found in queue for mysite.localhost
2024-11-03 11:01:05,398 ERROR scheduler Skipped queueing frappe.twofactor.delete_all_barcodes_for_users because it was found in queue for mysite.localhost
2024-11-03 11:01:05,411 ERROR scheduler Skipped queueing frappe.website.doctype.web_page.web_page.check_publish_status because it was found in queue for mysite.localhost
2024-11-03 11:01:05,423 ERROR scheduler Skipped queueing frappe.oauth.delete_oauth2_data because it was found in queue for mysite.localhost
2024-11-03 11:02:06,242 ERROR scheduler Skipped queueing frappe.desk.form.document_follow.send_hourly_updates because it was found in queue for mysite.localhost
2024-11-03 11:02:06,253 ERROR scheduler Skipped queueing frappe.desk.page.backups.backups.delete_downloadable_backups because it was found in queue for mysite.localhost
2024-11-03 11:02:06,263 ERROR scheduler Skipped queueing frappe.model.utils.user_settings.sync_user_settings because it was found in queue for mysite.localhost
2024-11-03 11:02:06,273 ERROR scheduler Skipped queueing frappe.model.utils.link_count.update_link_count because it was found in queue for mysite.localhost
2024-11-03 11:02:06,282 ERROR scheduler Skipped queueing frappe.automation.doctype.reminder.reminder.send_reminders because it was found in queue for mysite.localhost
2024-11-03 11:02:06,296 ERROR scheduler Skipped queueing frappe.monitor.flush because it was found in queue for mysite.localhost
2024-11-03 11:02:06,308 ERROR scheduler Skipped queueing frappe.email.queue.flush because it was found in queue for mysite.localhost
2024-11-03 11:02:06,342 ERROR scheduler Skipped queueing frappe.deferred_insert.save_to_db because it was found in queue for mysite.localhost
2024-11-03 11:02:06,350 ERROR scheduler Skipped queueing frappe.utils.global_search.sync_global_search because it was found in queue for mysite.localhost
2024-11-03 11:02:06,358 ERROR scheduler Skipped queueing frappe.email.doctype.email_account.email_account.notify_unreplied because it was found in queue for mysite.localhost
2024-11-03 11:02:06,367 ERROR scheduler Skipped queueing frappe.twofactor.delete_all_barcodes_for_users because it was found in queue for mysite.localhost
2024-11-03 11:02:06,375 ERROR scheduler Skipped queueing frappe.website.doctype.web_page.web_page.check_publish_status because it was found in queue for mysite.localhost
2024-11-03 11:02:06,384 ERROR scheduler Skipped queueing frappe.oauth.delete_oauth2_data because it was found in queue for mysite.localhost
2024-11-03 11:03:07,029 ERROR scheduler Skipped queueing frappe.monitor.flush because it was found in queue for mysite.localhost
2024-11-03 11:03:07,038 ERROR scheduler Skipped queueing frappe.email.queue.flush because it was found in queue for mysite.localhost
2024-11-03 11:03:07,056 ERROR scheduler Skipped queueing frappe.email.doctype.email_account.email_account.pull because it was found in queue for mysite.localhost
2024-11-03 11:03:07,067 ERROR scheduler Skipped queueing frappe.deferred_insert.save_to_db because it was found in queue for mysite.localhost
2024-11-03 11:03:07,077 ERROR scheduler Skipped queueing frappe.utils.global_search.sync_global_search because it was found in queue for mysite.localhost
2024-11-03 11:03:07,087 ERROR scheduler Skipped queueing frappe.email.doctype.email_account.email_account.notify_unreplied because it was found in queue for mysite.localhost
2024-11-03 11:03:07,097 ERROR scheduler Skipped queueing frappe.twofactor.delete_all_barcodes_for_users because it was found in queue for mysite.localhost
2024-11-03 11:03:07,105 ERROR scheduler Skipped queueing frappe.website.doctype.web_page.web_page.check_publish_status because it was found in queue for mysite.localhost
2024-11-03 11:03:07,119 ERROR scheduler Skipped queueing frappe.oauth.delete_oauth2_data because it was found in queue for mysite.localhost
2024-11-03 11:04:07,825 ERROR scheduler Skipped queueing frappe.twofactor.delete_all_barcodes_for_users because it was found in queue for mysite.localhost
2024-11-03 11:04:07,834 ERROR scheduler Skipped queueing frappe.website.doctype.web_page.web_page.check_publish_status because it was found in queue for mysite.localhost
2024-11-03 11:04:07,844 ERROR scheduler Skipped queueing frappe.oauth.delete_oauth2_data because it was found in queue for mysite.localhost
2024-11-03 11:05:08,036 ERROR scheduler Skipped queueing hrms.hr.doctype.shift_type.shift_type.process_auto_attendance_for_all_shifts because it was found in queue for mysite.localhost
2024-11-03 11:05:08,114 ERROR scheduler Skipped queueing erpnext.utilities.bulk_transaction.retry because it was found in queue for mysite.localhost
2024-11-03 11:05:08,125 ERROR scheduler Skipped queueing erpnext.stock.doctype.repost_item_valuation.repost_item_valuation.repost_entries because it was found in queue for mysite.localhost
2024-11-03 11:05:08,482 ERROR scheduler Skipped queueing frappe.monitor.flush because it was found in queue for mysite.localhost
2024-11-03 11:05:08,496 ERROR scheduler Skipped queueing frappe.email.queue.flush because it was found in queue for mysite.localhost
2024-11-03 11:16:16,572 ERROR scheduler Skipped queueing frappe.twofactor.delete_all_barcodes_for_users because it was found in queue for mysite.localhost
2024-11-03 11:16:16,589 ERROR scheduler Skipped queueing frappe.website.doctype.web_page.web_page.check_publish_status because it was found in queue for mysite.localhost
2024-11-03 11:16:16,609 ERROR scheduler Skipped queueing frappe.oauth.delete_oauth2_data because it was found in queue for mysite.localhost
2024-11-03 11:17:17,446 ERROR scheduler Skipped queueing frappe.email.queue.flush because it was found in queue for mysite.localhost
2024-11-03 11:31:27,800 ERROR scheduler Skipped queueing frappe.email.doctype.email_account.email_account.pull because it was found in queue for mysite.localhost
2024-11-03 11:31:27,812 ERROR scheduler Skipped queueing frappe.deferred_insert.save_to_db because it was found in queue for mysite.localhost
2024-11-03 11:31:27,821 ERROR scheduler Skipped queueing frappe.utils.global_search.sync_global_search because it was found in queue for mysite.localhost
2024-11-03 11:31:27,831 ERROR scheduler Skipped queueing frappe.email.doctype.email_account.email_account.notify_unreplied because it was found in queue for mysite.localhost
2024-11-03 11:31:27,839 ERROR scheduler Skipped queueing frappe.twofactor.delete_all_barcodes_for_users because it was found in queue for mysite.localhost
2024-11-03 11:31:27,850 ERROR scheduler Skipped queueing frappe.website.doctype.web_page.web_page.check_publish_status because it was found in queue for mysite.localhost
2024-11-03 11:31:27,861 ERROR scheduler Skipped queueing frappe.oauth.delete_oauth2_data because it was found in queue for mysite.localhost
2024-11-03 11:32:28,635 ERROR scheduler Skipped queueing frappe.oauth.delete_oauth2_data because it was found in queue for mysite.localhost
2024-11-03 11:46:38,913 ERROR scheduler Skipped queueing frappe.website.doctype.web_page.web_page.check_publish_status because it was found in queue for mysite.localhost
2024-11-03 11:46:38,923 ERROR scheduler Skipped queueing frappe.oauth.delete_oauth2_data because it was found in queue for mysite.localhost
2024-11-03 12:01:48,524 ERROR scheduler Skipped queueing erpnext.erpnext_integrations.doctype.plaid_settings.plaid_settings.automatic_synchronization because it was found in queue for mysite.localhost
2024-11-03 12:01:48,536 ERROR scheduler Skipped queueing erpnext.utilities.doctype.video.video.update_youtube_data because it was found in queue for mysite.localhost
2024-11-03 12:01:48,559 ERROR scheduler Skipped queueing erpnext.accounts.doctype.process_payment_reconciliation.process_payment_reconciliation.trigger_reconciliation_for_queued_docs because it was found in queue for mysite.localhost
2024-11-03 12:01:48,571 ERROR scheduler Skipped queueing erpnext.manufacturing.doctype.bom_update_log.bom_update_log.resume_bom_cost_update_jobs because it was found in queue for mysite.localhost
2024-11-03 12:01:48,740 ERROR scheduler Skipped queueing frappe.website.doctype.personal_data_deletion_request.personal_data_deletion_request.process_data_deletion_request because it was found in queue for mysite.localhost
2024-11-03 12:01:48,753 ERROR scheduler Skipped queueing frappe.email.doctype.newsletter.newsletter.send_scheduled_email because it was found in queue for mysite.localhost
2024-11-03 12:01:48,764 ERROR scheduler Skipped queueing frappe.integrations.doctype.google_calendar.google_calendar.sync because it was found in queue for mysite.localhost
2024-11-03 12:01:48,777 ERROR scheduler Skipped queueing frappe.desk.form.document_follow.send_hourly_updates because it was found in queue for mysite.localhost
2024-11-03 12:01:48,788 ERROR scheduler Skipped queueing frappe.desk.page.backups.backups.delete_downloadable_backups because it was found in queue for mysite.localhost
2024-11-03 12:01:48,803 ERROR scheduler Skipped queueing frappe.model.utils.user_settings.sync_user_settings because it was found in queue for mysite.localhost
2024-11-03 12:01:48,817 ERROR scheduler Skipped queueing frappe.model.utils.link_count.update_link_count because it was found in queue for mysite.localhost
2024-11-03 12:01:48,831 ERROR scheduler Skipped queueing frappe.automation.doctype.reminder.reminder.send_reminders because it was found in queue for mysite.localhost
2024-11-03 12:01:48,854 ERROR scheduler Skipped queueing frappe.monitor.flush because it was found in queue for mysite.localhost
2024-11-03 12:01:48,878 ERROR scheduler Skipped queueing frappe.email.queue.flush because it was found in queue for mysite.localhost
2024-11-03 12:01:48,917 ERROR scheduler Skipped queueing frappe.deferred_insert.save_to_db because it was found in queue for mysite.localhost
2024-11-03 12:01:48,927 ERROR scheduler Skipped queueing frappe.utils.global_search.sync_global_search because it was found in queue for mysite.localhost
2024-11-03 12:01:48,938 ERROR scheduler Skipped queueing frappe.email.doctype.email_account.email_account.notify_unreplied because it was found in queue for mysite.localhost
2024-11-03 12:01:48,947 ERROR scheduler Skipped queueing frappe.twofactor.delete_all_barcodes_for_users because it was found in queue for mysite.localhost
2024-11-03 12:01:48,957 ERROR scheduler Skipped queueing frappe.website.doctype.web_page.web_page.check_publish_status because it was found in queue for mysite.localhost
2024-11-03 12:01:48,966 ERROR scheduler Skipped queueing frappe.oauth.delete_oauth2_data because it was found in queue for mysite.localhost
2024-11-03 12:02:49,693 ERROR scheduler Skipped queueing frappe.integrations.doctype.google_calendar.google_calendar.sync because it was found in queue for mysite.localhost
2024-11-03 12:02:49,706 ERROR scheduler Skipped queueing frappe.desk.form.document_follow.send_hourly_updates because it was found in queue for mysite.localhost
2024-11-03 12:02:49,720 ERROR scheduler Skipped queueing frappe.desk.page.backups.backups.delete_downloadable_backups because it was found in queue for mysite.localhost
2024-11-03 12:02:49,734 ERROR scheduler Skipped queueing frappe.model.utils.user_settings.sync_user_settings because it was found in queue for mysite.localhost
2024-11-03 12:02:49,747 ERROR scheduler Skipped queueing frappe.model.utils.link_count.update_link_count because it was found in queue for mysite.localhost
2024-11-03 12:02:49,763 ERROR scheduler Skipped queueing frappe.automation.doctype.reminder.reminder.send_reminders because it was found in queue for mysite.localhost
2024-11-03 12:02:49,773 ERROR scheduler Skipped queueing frappe.monitor.flush because it was found in queue for mysite.localhost
2024-11-03 12:02:49,784 ERROR scheduler Skipped queueing frappe.email.queue.flush because it was found in queue for mysite.localhost
2024-11-03 12:02:49,806 ERROR scheduler Skipped queueing frappe.email.doctype.email_account.email_account.pull because it was found in queue for mysite.localhost
2024-11-03 12:02:49,814 ERROR scheduler Skipped queueing frappe.deferred_insert.save_to_db because it was found in queue for mysite.localhost
2024-11-03 12:02:49,824 ERROR scheduler Skipped queueing frappe.utils.global_search.sync_global_search because it was found in queue for mysite.localhost
2024-11-03 12:02:49,832 ERROR scheduler Skipped queueing frappe.email.doctype.email_account.email_account.notify_unreplied because it was found in queue for mysite.localhost
2024-11-03 12:02:49,839 ERROR scheduler Skipped queueing frappe.twofactor.delete_all_barcodes_for_users because it was found in queue for mysite.localhost
2024-11-03 12:02:49,849 ERROR scheduler Skipped queueing frappe.website.doctype.web_page.web_page.check_publish_status because it was found in queue for mysite.localhost
2024-11-03 12:02:49,859 ERROR scheduler Skipped queueing frappe.oauth.delete_oauth2_data because it was found in queue for mysite.localhost
2024-11-03 12:03:50,132 ERROR scheduler Skipped queueing erpnext.utilities.bulk_transaction.retry because it was found in queue for mysite.localhost
2024-11-03 12:03:50,484 ERROR scheduler Skipped queueing frappe.monitor.flush because it was found in queue for mysite.localhost
2024-11-03 12:03:50,492 ERROR scheduler Skipped queueing frappe.email.queue.flush because it was found in queue for mysite.localhost
2024-11-03 12:03:50,511 ERROR scheduler Skipped queueing frappe.email.doctype.email_account.email_account.pull because it was found in queue for mysite.localhost
2024-11-03 12:03:50,522 ERROR scheduler Skipped queueing frappe.deferred_insert.save_to_db because it was found in queue for mysite.localhost
2024-11-03 12:03:50,531 ERROR scheduler Skipped queueing frappe.utils.global_search.sync_global_search because it was found in queue for mysite.localhost
2024-11-03 12:03:50,541 ERROR scheduler Skipped queueing frappe.email.doctype.email_account.email_account.notify_unreplied because it was found in queue for mysite.localhost
2024-11-03 12:03:50,552 ERROR scheduler Skipped queueing frappe.twofactor.delete_all_barcodes_for_users because it was found in queue for mysite.localhost
2024-11-03 12:03:50,563 ERROR scheduler Skipped queueing frappe.website.doctype.web_page.web_page.check_publish_status because it was found in queue for mysite.localhost
2024-11-03 12:03:50,572 ERROR scheduler Skipped queueing frappe.oauth.delete_oauth2_data because it was found in queue for mysite.localhost
2024-11-03 12:04:51,223 ERROR scheduler Skipped queueing frappe.email.doctype.email_account.email_account.notify_unreplied because it was found in queue for mysite.localhost
2024-11-03 12:04:51,230 ERROR scheduler Skipped queueing frappe.twofactor.delete_all_barcodes_for_users because it was found in queue for mysite.localhost
2024-11-03 12:04:51,237 ERROR scheduler Skipped queueing frappe.website.doctype.web_page.web_page.check_publish_status because it was found in queue for mysite.localhost
2024-11-03 12:04:51,244 ERROR scheduler Skipped queueing frappe.oauth.delete_oauth2_data because it was found in queue for mysite.localhost
2024-11-03 12:05:51,499 ERROR scheduler Skipped queueing erpnext.utilities.bulk_transaction.retry because it was found in queue for mysite.localhost
2024-11-03 12:05:51,934 ERROR scheduler Skipped queueing frappe.automation.doctype.reminder.reminder.send_reminders because it was found in queue for mysite.localhost
2024-11-03 12:05:51,946 ERROR scheduler Skipped queueing frappe.monitor.flush because it was found in queue for mysite.localhost
2024-11-03 12:16:59,148 ERROR scheduler Skipped queueing frappe.twofactor.delete_all_barcodes_for_users because it was found in queue for mysite.localhost
2024-11-03 12:16:59,166 ERROR scheduler Skipped queueing frappe.website.doctype.web_page.web_page.check_publish_status because it was found in queue for mysite.localhost
2024-11-03 12:16:59,181 ERROR scheduler Skipped queueing frappe.oauth.delete_oauth2_data because it was found in queue for mysite.localhost
2024-11-03 12:32:23,952 ERROR scheduler Skipped queueing frappe.email.queue.flush because it was found in queue for mysite.localhost
2024-11-03 12:32:23,965 ERROR scheduler Skipped queueing frappe.core.doctype.prepared_report.prepared_report.expire_stalled_report because it was found in queue for mysite.localhost
2024-11-03 12:32:23,972 ERROR scheduler Skipped queueing frappe.email.doctype.email_account.email_account.pull because it was found in queue for mysite.localhost
2024-11-03 12:32:23,979 ERROR scheduler Skipped queueing frappe.deferred_insert.save_to_db because it was found in queue for mysite.localhost
2024-11-03 12:32:23,985 ERROR scheduler Skipped queueing frappe.utils.global_search.sync_global_search because it was found in queue for mysite.localhost
2024-11-03 12:32:23,994 ERROR scheduler Skipped queueing frappe.email.doctype.email_account.email_account.notify_unreplied because it was found in queue for mysite.localhost
2024-11-03 12:32:24,001 ERROR scheduler Skipped queueing frappe.twofactor.delete_all_barcodes_for_users because it was found in queue for mysite.localhost
2024-11-03 12:32:24,008 ERROR scheduler Skipped queueing frappe.website.doctype.web_page.web_page.check_publish_status because it was found in queue for mysite.localhost
2024-11-03 12:32:24,015 ERROR scheduler Skipped queueing frappe.oauth.delete_oauth2_data because it was found in queue for mysite.localhost
2024-11-03 12:33:24,250 ERROR scheduler Skipped queueing hrms.hr.doctype.interview.interview.send_interview_reminder because it was found in queue for mysite.localhost
2024-11-03 12:33:24,647 ERROR scheduler Skipped queueing frappe.twofactor.delete_all_barcodes_for_users because it was found in queue for mysite.localhost
2024-11-03 12:33:24,655 ERROR scheduler Skipped queueing frappe.website.doctype.web_page.web_page.check_publish_status because it was found in queue for mysite.localhost
2024-11-03 12:33:24,663 ERROR scheduler Skipped queueing frappe.oauth.delete_oauth2_data because it was found in queue for mysite.localhost
